105 solves, 5 seeds, 7 scenarios, 3 variants

================================================================================================
FOV ERROR DECOMPOSITION, baseline variant only
  |bias| = |mean over projectors of (recovered - true) fov|   COMMON MODE
  spread = sd over projectors of the same quantity            DIFFERENTIAL
================================================================================================
scenario                |bias| med  spread med    ratio  true spread
------------------------------------------------------------------------------------------------
s01-nominal                 0.0302      0.0929     0.33       0.0752
s02-sensor-noise            0.1478      0.1817     0.81       0.1290
s03-high-ambient            0.0474      0.1047     0.45       0.0723
s04-handheld                1.6430      1.3558     1.21       0.1079
s06-six-cameras             0.4081      1.6091     0.25       0.0766
s09-long-throw              0.8210      1.1178     0.73       0.0679
s10-no-floor-reference      0.9372      1.5321     0.61       0.0681

================================================================================================
raw  vs  off   —   metric: grid   (paired, ratio = base/variant)
================================================================================================
scenario                   seed       base    variant    ratio
------------------------------------------------------------------------------------------------
s01-nominal              110471     0.1552     0.1541     1.01x
s01-nominal              220582     0.1977     0.1977     1.00x
s01-nominal              330693     0.1113     0.1122     0.99x
s01-nominal              440704     0.3664     0.3664     1.00x
s01-nominal              550815     0.2687     0.2687     1.00x
s02-sensor-noise         110471     0.8247     0.8242     1.00x
s02-sensor-noise         220582     0.4523     0.4523     1.00x
s02-sensor-noise         330693     0.4390     0.4390     1.00x
s02-sensor-noise         440704     0.5344     0.5381     0.99x
s02-sensor-noise         550815     0.7909     0.7909     1.00x
s03-high-ambient         110471     0.3095     0.3095     1.00x
s03-high-ambient         220582     0.3387     0.3387     1.00x
s03-high-ambient         330693     0.4605     0.4605     1.00x
s03-high-ambient         440704     0.3071     0.3109     0.99x
s03-high-ambient         550815     0.2782     0.2782     1.00x
s04-handheld             110471    19.1615    14.2975     1.34x
s04-handheld             220582     9.7766     9.3981     1.04x
s04-handheld             330693     8.7548     9.9871     0.88x   <-- WORSE
s04-handheld             440704     8.5648    10.0341     0.85x   <-- WORSE
s04-handheld             550815    17.1156    17.9249     0.95x   <-- WORSE
s06-six-cameras          110471     8.4525     9.6561     0.88x   <-- WORSE
s06-six-cameras          220582     8.9192    10.0099     0.89x   <-- WORSE
s06-six-cameras          330693    10.9847     8.3392     1.32x
s06-six-cameras          440704     9.5493    10.6548     0.90x   <-- WORSE
s06-six-cameras          550815    13.7246    12.6225     1.09x
s09-long-throw           110471    18.9875    16.6302     1.14x
s09-long-throw           220582     8.6836     5.5288     1.57x
s09-long-throw           330693     5.7804     7.7843     0.74x   <-- WORSE
s09-long-throw           440704    16.3195    13.8826     1.18x
s09-long-throw           550815    11.5885    11.3297     1.02x
s10-no-floor-reference   110471    12.5231    12.8668     0.97x   <-- WORSE
s10-no-floor-reference   220582    12.2956    13.3883     0.92x   <-- WORSE
s10-no-floor-reference   330693     9.1012     9.1274     1.00x
s10-no-floor-reference   440704     8.8321     8.3018     1.06x
s10-no-floor-reference   550815     9.8767     9.4087     1.05x
------------------------------------------------------------------------------------------------
scenario                  n   median      min      max  helped   hurt
s01-nominal               5     1.00     0.99     1.01       0      0
s02-sensor-noise          5     1.00     0.99     1.00       0      0
s03-high-ambient          5     1.00     0.99     1.00       0      0
s04-handheld              5     0.95     0.85     1.34       2      3
s06-six-cameras           5     0.90     0.88     1.32       2      3
s09-long-throw            5     1.14     0.74     1.57       4      1
s10-no-floor-reference    5     1.00     0.92     1.06       2      2
ALL                      35     1.00     0.74     1.57      10      9

================================================================================================
raw  vs  off   —   metric: pos   (paired, ratio = base/variant)
================================================================================================
scenario                   seed       base    variant    ratio
------------------------------------------------------------------------------------------------
s01-nominal              110471    19.6100    19.7300     0.99x
s01-nominal              220582    22.8500    22.8500     1.00x
s01-nominal              330693    20.0900    20.6300     0.97x   <-- WORSE
s01-nominal              440704    17.6400    17.6400     1.00x
s01-nominal              550815    35.1300    35.1300     1.00x
s02-sensor-noise         110471    56.3700    56.2000     1.00x
s02-sensor-noise         220582    55.1800    55.1800     1.00x
s02-sensor-noise         330693    51.7000    51.7000     1.00x
s02-sensor-noise         440704    50.6400    50.6100     1.00x
s02-sensor-noise         550815    60.5000    60.5000     1.00x
s03-high-ambient         110471    30.3000    30.3000     1.00x
s03-high-ambient         220582    14.3000    14.3000     1.00x
s03-high-ambient         330693    41.8600    41.8600     1.00x
s03-high-ambient         440704    20.2400    20.1100     1.01x
s03-high-ambient         550815    28.8400    28.8400     1.00x
s04-handheld             110471   405.5000   395.2700     1.03x
s04-handheld             220582   494.9200   498.7100     0.99x
s04-handheld             330693   337.7400   294.6200     1.15x
s04-handheld             440704   356.6400   282.3800     1.26x
s04-handheld             550815   402.8600   461.4700     0.87x   <-- WORSE
s06-six-cameras          110471   316.8300   449.7200     0.70x   <-- WORSE
s06-six-cameras          220582   486.3400   462.0800     1.05x
s06-six-cameras          330693   434.0600   434.8400     1.00x
s06-six-cameras          440704   365.6000   372.8600     0.98x
s06-six-cameras          550815   463.5800   439.8900     1.05x
s09-long-throw           110471   477.0900   429.9000     1.11x
s09-long-throw           220582   256.5700   214.3200     1.20x
s09-long-throw           330693   348.6000   370.6000     0.94x   <-- WORSE
s09-long-throw           440704   395.9200   408.9300     0.97x   <-- WORSE
s09-long-throw           550815   873.4500  1112.6000     0.79x   <-- WORSE
s10-no-floor-reference   110471   437.4600   427.8100     1.02x
s10-no-floor-reference   220582   296.7200   260.5000     1.14x
s10-no-floor-reference   330693   386.6100   410.5800     0.94x   <-- WORSE
s10-no-floor-reference   440704   414.0700   318.5500     1.30x
s10-no-floor-reference   550815   388.4700   349.0400     1.11x
------------------------------------------------------------------------------------------------
scenario                  n   median      min      max  helped   hurt
s01-nominal               5     1.00     0.97     1.00       0      1
s02-sensor-noise          5     1.00     1.00     1.00       0      0
s03-high-ambient          5     1.00     1.00     1.01       0      0
s04-handheld              5     1.03     0.87     1.26       3      1
s06-six-cameras           5     1.00     0.70     1.05       2      1
s09-long-throw            5     0.97     0.79     1.20       2      3
s10-no-floor-reference    5     1.11     0.94     1.30       4      1
ALL                      35     1.00     0.70     1.30      11      7

================================================================================================
specific  vs  off   —   metric: grid   (paired, ratio = base/variant)
================================================================================================
scenario                   seed       base    variant    ratio
------------------------------------------------------------------------------------------------
s01-nominal              110471     0.1552     0.1543     1.01x
s01-nominal              220582     0.1977     0.1921     1.03x
s01-nominal              330693     0.1113     0.1113     1.00x
s01-nominal              440704     0.3664     0.3664     1.00x
s01-nominal              550815     0.2687     0.2687     1.00x
s02-sensor-noise         110471     0.8247     0.8281     1.00x
s02-sensor-noise         220582     0.4523     0.6027     0.75x   <-- WORSE
s02-sensor-noise         330693     0.4390     0.5344     0.82x   <-- WORSE
s02-sensor-noise         440704     0.5344     0.5344     1.00x
s02-sensor-noise         550815     0.7909     0.7909     1.00x
s03-high-ambient         110471     0.3095     0.3095     1.00x
s03-high-ambient         220582     0.3387     0.3387     1.00x
s03-high-ambient         330693     0.4605     0.4605     1.00x
s03-high-ambient         440704     0.3071     0.3356     0.92x   <-- WORSE
s03-high-ambient         550815     0.2782     0.2795     1.00x
s04-handheld             110471    19.1615    22.2984     0.86x   <-- WORSE
s04-handheld             220582     9.7766    19.0219     0.51x   <-- WORSE
s04-handheld             330693     8.7548    12.0469     0.73x   <-- WORSE
s04-handheld             440704     8.5648    13.0560     0.66x   <-- WORSE
s04-handheld             550815    17.1156    17.4137     0.98x
s06-six-cameras          110471     8.4525    10.1479     0.83x   <-- WORSE
s06-six-cameras          220582     8.9192    10.1244     0.88x   <-- WORSE
s06-six-cameras          330693    10.9847    10.5700     1.04x
s06-six-cameras          440704     9.5493    10.6804     0.89x   <-- WORSE
s06-six-cameras          550815    13.7246    14.0199     0.98x   <-- WORSE
s09-long-throw           110471    18.9875    21.7496     0.87x   <-- WORSE
s09-long-throw           220582     8.6836     6.5308     1.33x
s09-long-throw           330693     5.7804    10.9539     0.53x   <-- WORSE
s09-long-throw           440704    16.3195    13.2437     1.23x
s09-long-throw           550815    11.5885    11.2797     1.03x
s10-no-floor-reference   110471    12.5231    10.6014     1.18x
s10-no-floor-reference   220582    12.2956    16.3659     0.75x   <-- WORSE
s10-no-floor-reference   330693     9.1012    12.1419     0.75x   <-- WORSE
s10-no-floor-reference   440704     8.8321    14.7283     0.60x   <-- WORSE
s10-no-floor-reference   550815     9.8767     8.8398     1.12x
------------------------------------------------------------------------------------------------
scenario                  n   median      min      max  helped   hurt
s01-nominal               5     1.00     1.00     1.03       1      0
s02-sensor-noise          5     1.00     0.75     1.00       0      2
s03-high-ambient          5     1.00     0.92     1.00       0      1
s04-handheld              5     0.73     0.51     0.98       0      4
s06-six-cameras           5     0.89     0.83     1.04       1      4
s09-long-throw            5     1.03     0.53     1.33       3      2
s10-no-floor-reference    5     0.75     0.60     1.18       2      3
ALL                      35     1.00     0.51     1.33       7     16

================================================================================================
specific  vs  off   —   metric: pos   (paired, ratio = base/variant)
================================================================================================
scenario                   seed       base    variant    ratio
------------------------------------------------------------------------------------------------
s01-nominal              110471    19.6100    17.9300     1.09x
s01-nominal              220582    22.8500    22.3600     1.02x
s01-nominal              330693    20.0900    20.0900     1.00x
s01-nominal              440704    17.6400    17.6400     1.00x
s01-nominal              550815    35.1300    35.1300     1.00x
s02-sensor-noise         110471    56.3700    56.3600     1.00x
s02-sensor-noise         220582    55.1800    72.5200     0.76x   <-- WORSE
s02-sensor-noise         330693    51.7000    38.0900     1.36x
s02-sensor-noise         440704    50.6400    50.6400     1.00x
s02-sensor-noise         550815    60.5000    60.5000     1.00x
s03-high-ambient         110471    30.3000    30.3000     1.00x
s03-high-ambient         220582    14.3000    14.3000     1.00x
s03-high-ambient         330693    41.8600    41.8600     1.00x
s03-high-ambient         440704    20.2400    32.4400     0.62x   <-- WORSE
s03-high-ambient         550815    28.8400    28.7900     1.00x
s04-handheld             110471   405.5000   411.4600     0.99x
s04-handheld             220582   494.9200   761.2100     0.65x   <-- WORSE
s04-handheld             330693   337.7400   514.1700     0.66x   <-- WORSE
s04-handheld             440704   356.6400   399.6800     0.89x   <-- WORSE
s04-handheld             550815   402.8600   386.5700     1.04x
s06-six-cameras          110471   316.8300   449.9500     0.70x   <-- WORSE
s06-six-cameras          220582   486.3400   462.4100     1.05x
s06-six-cameras          330693   434.0600   432.2700     1.00x
s06-six-cameras          440704   365.6000   373.8900     0.98x   <-- WORSE
s06-six-cameras          550815   463.5800   467.0800     0.99x
s09-long-throw           110471   477.0900   559.3100     0.85x   <-- WORSE
s09-long-throw           220582   256.5700   234.5700     1.09x
s09-long-throw           330693   348.6000   383.1700     0.91x   <-- WORSE
s09-long-throw           440704   395.9200   381.2000     1.04x
s09-long-throw           550815   873.4500  7004.7200     0.12x   <-- WORSE
s10-no-floor-reference   110471   437.4600   445.3700     0.98x
s10-no-floor-reference   220582   296.7200   413.2800     0.72x   <-- WORSE
s10-no-floor-reference   330693   386.6100   687.1000     0.56x   <-- WORSE
s10-no-floor-reference   440704   414.0700   228.4500     1.81x
s10-no-floor-reference   550815   388.4700   394.8400     0.98x
------------------------------------------------------------------------------------------------
scenario                  n   median      min      max  helped   hurt
s01-nominal               5     1.00     1.00     1.09       2      0
s02-sensor-noise          5     1.00     0.76     1.36       1      1
s03-high-ambient          5     1.00     0.62     1.00       0      1
s04-handheld              5     0.89     0.65     1.04       1      3
s06-six-cameras           5     0.99     0.70     1.05       1      2
s09-long-throw            5     0.91     0.12     1.09       2      3
s10-no-floor-reference    5     0.98     0.56     1.81       1      2
ALL                      35     1.00     0.12     1.81       8     12
