314159  s00-clean            base           pos=     2.78 rot= 0.0333 grid=   0.0405 camRot= 0.0333 camPos=    1.43 hc=   1.01 fovBias= -0.0000 rms=0.0001 used=12062 rej=0 iter=12 stop=step move=[0.00/0.0000,0.00/0.0000,0.00/0.0000] trueMove=[0.00/0.0000,0.00/0.0000,0.00/0.0000] (2089ms)
314159  s00-clean            time           pos=     2.78 rot= 0.0333 grid=   0.0405 camRot= 0.0333 camPos=    1.43 hc=   1.01 fovBias= -0.0000 rms=0.0001 used=12062 rej=0 iter=12 stop=step move=[0.00/0.0000,0.00/0.0000,0.00/0.0000] trueMove=[0.00/0.0000,0.00/0.0000,0.00/0.0000] (3373ms)
314159  s00-clean            time-seq       pos=     2.78 rot= 0.0333 grid=   0.0405 camRot= 0.0333 camPos=    1.43 hc=   1.01 fovBias= -0.0000 rms=0.0001 used=12062 rej=0 iter=20 stop=lambda move=[0.00/0.0000,0.00/0.0000,0.00/0.0000] trueMove=[0.00/0.0000,0.00/0.0000,0.00/0.0000] (5904ms)
314159  s01-nominal          base           pos=    29.22 rot= 0.0263 grid=   0.2225 camRot= 0.0135 camPos=    0.59 hc=   0.13 fovBias=  0.0819 rms=0.2741 used=12055 rej=132 iter=40 stop=cost move=[0.00/0.0000,0.00/0.0000,0.00/0.0000] trueMove=[0.00/0.0000,0.00/0.0000,0.00/0.0000] (2812ms)
314159  s01-nominal          time           pos=    30.10 rot= 0.0338 grid=   0.3056 camRot= 0.0148 camPos=    0.63 hc=   0.11 fovBias=  0.0880 rms=0.2737 used=12049 rej=138 iter=32 stop=cost move=[0.31/0.0072,0.24/0.0052,0.40/0.0092] trueMove=[0.00/0.0000,0.00/0.0000,0.00/0.0000] (4153ms)
314159  s01-nominal          time-seq       pos=    28.76 rot= 0.0571 grid=   0.7734 camRot= 0.0264 camPos=    1.15 hc=   0.64 fovBias=  0.0775 rms=0.2735 used=12017 rej=170 iter=236 stop=cost move=[2.39/0.0526,0.70/0.0265,2.45/0.0547] trueMove=[0.00/0.0000,0.00/0.0000,0.00/0.0000] (18074ms)
314159  s02-sensor-noise     base           pos=    76.82 rot= 0.0714 grid=   0.3186 camRot= 0.0354 camPos=    1.44 hc=   0.44 fovBias=  0.0851 rms=0.5685 used=11632 rej=133 iter=57 stop=cost move=[0.00/0.0000,0.00/0.0000,0.00/0.0000] trueMove=[0.00/0.0000,0.00/0.0000,0.00/0.0000] (3952ms)
314159  s02-sensor-noise     time           pos=    61.59 rot= 0.3724 grid=   1.3878 camRot= 0.0788 camPos=    3.04 hc=   0.71 fovBias= -0.2064 rms=0.5765 used=11620 rej=145 iter=43 stop=lambda move=[1.20/0.0274,2.44/0.0612,2.04/0.0454] trueMove=[0.00/0.0000,0.00/0.0000,0.00/0.0000] (6118ms)
314159  s02-sensor-noise     time-seq       pos=    29.57 rot= 0.4715 grid=  12.5042 camRot= 0.2460 camPos=   10.03 hc=  15.66 fovBias=  0.0656 rms=0.5820 used=11620 rej=145 iter=47 stop=lambda move=[25.98/0.6110,14.64/0.5810,26.24/0.8738] trueMove=[0.00/0.0000,0.00/0.0000,0.00/0.0000] (5992ms)
314159  s03-high-ambient     base           pos=    22.89 rot= 0.0344 grid=   0.3398 camRot= 0.0332 camPos=    1.32 hc=   0.54 fovBias=  0.0558 rms=0.3447 used=11509 rej=117 iter=27 stop=cost move=[0.00/0.0000,0.00/0.0000,0.00/0.0000] trueMove=[0.00/0.0000,0.00/0.0000,0.00/0.0000] (2319ms)
314159  s03-high-ambient     time           pos=    17.46 rot= 0.0445 grid=   0.3245 camRot= 0.0335 camPos=    1.44 hc=   0.59 fovBias=  0.0419 rms=0.3450 used=11512 rej=114 iter=35 stop=cost move=[0.66/0.0141,0.42/0.0092,0.10/0.0024] trueMove=[0.00/0.0000,0.00/0.0000,0.00/0.0000] (3935ms)
314159  s03-high-ambient     time-seq       pos=    23.96 rot= 0.0889 grid=   1.9879 camRot= 0.0443 camPos=    1.97 hc=   0.57 fovBias=  0.0490 rms=0.3445 used=11508 rej=118 iter=66 stop=cost move=[4.12/0.0909,4.67/0.0992,6.37/0.1398] trueMove=[0.00/0.0000,0.00/0.0000,0.00/0.0000] (7139ms)
314159  s04-handheld         base           pos=   406.01 rot= 2.9945 grid=  18.7133 camRot= 0.3426 camPos=   13.74 hc=   8.66 fovBias=  0.2816 rms=1.0274 used=10454 rej=754 iter=132 stop=cost move=[0.00/0.0000,0.00/0.0000,0.00/0.0000] trueMove=[3.07/0.1113,0.94/0.1390,3.33/0.0861] (5106ms)
314159  s04-handheld         time           pos=    99.43 rot= 0.2752 grid=   6.3269 camRot= 0.2064 camPos=    6.31 hc=   3.33 fovBias=  0.1411 rms=0.9679 used=10563 rej=645 iter=57 stop=cost move=[6.30/0.1435,14.36/0.3315,4.83/0.0861] trueMove=[3.07/0.1113,0.94/0.1390,3.33/0.0861] (5962ms)
314159  s04-handheld         time-seq       pos=   581.38 rot= 6.2728 grid=  60.2143 camRot= 1.9910 camPos=   86.93 hc= 115.72 fovBias= -1.3235 rms=1.0133 used=10494 rej=714 iter=343 stop=cost move=[137.89/3.1864,98.16/3.7407,129.62/5.4167] trueMove=[3.07/0.1113,0.94/0.1390,3.33/0.0861] (24981ms)
314159  s05-two-cameras      base           pos=   356.47 rot= 6.6874 grid=  26.8254 camRot= 0.2731 camPos=   18.04 hc=  13.90 fovBias=  0.2593 rms=0.8679 used=7528 rej=817 iter=108 stop=cost move=[0.00/0.0000,0.00/0.0000] trueMove=[1.98/0.0987,1.82/0.1215] (4138ms)
314159  s05-two-cameras      time           pos=   187.67 rot= 0.7027 grid=   5.6364 camRot= 0.2754 camPos=   15.00 hc=   0.34 fovBias= -0.0120 rms=0.7941 used=7510 rej=835 iter=129 stop=cost move=[8.32/0.2238,6.20/0.2132] trueMove=[1.98/0.0987,1.82/0.1215] (7710ms)
314159  s05-two-cameras      time-seq       pos=   446.58 rot= 7.0384 grid=  96.7165 camRot= 1.6267 camPos=   73.14 hc= 127.58 fovBias=  1.3572 rms=0.8313 used=7476 rej=869 iter=259 stop=cost move=[224.85/5.7489,289.09/6.7141] trueMove=[1.98/0.0987,1.82/0.1215] (15621ms)
314159  s06-six-cameras      base           pos=   166.41 rot= 0.9069 grid=   5.1902 camRot= 0.3445 camPos=    9.59 hc=   0.12 fovBias= -0.9801 rms=1.0444 used=21766 rej=1577 iter=113 stop=cost move=[0.00/0.0000,0.00/0.0000,0.00/0.0000,0.00/0.0000,0.00/0.0000,0.00/0.0000] trueMove=[2.87/0.0967,1.42/0.1789,3.22/0.1184,0.68/0.0810,2.11/0.1090,2.14/0.1351] (8598ms)
314159  s06-six-cameras      time           pos=   112.87 rot= 0.2952 grid=   1.1745 camRot= 0.3049 camPos=    8.68 hc=   0.86 fovBias= -0.0068 rms=0.9319 used=22153 rej=1190 iter=88 stop=cost move=[10.59/0.1142,3.53/0.0731,3.44/0.1658,3.96/0.0589,2.12/0.0774,1.23/0.1098] trueMove=[2.87/0.0967,1.42/0.1789,3.22/0.1184,0.68/0.0810,2.11/0.1090,2.14/0.1351] (13351ms)
314159  s06-six-cameras      time-seq       pos=   161.24 rot= 1.1430 grid=  31.9664 camRot= 0.7053 camPos=   30.55 hc=  32.89 fovBias=  0.2454 rms=1.0143 used=21823 rej=1520 iter=106 stop=cost move=[91.39/2.4399,67.69/1.8349,43.26/1.2519,39.98/0.9046,75.30/2.2608,38.40/2.3087] trueMove=[2.87/0.0967,1.42/0.1789,3.22/0.1184,0.68/0.0810,2.11/0.1090,2.14/0.1351] (16339ms)
314159  s09-long-throw       base           pos=   262.00 rot= 4.9734 grid=  14.6226 camRot= 0.3118 camPos=    8.15 hc=   6.63 fovBias=  0.1959 rms=1.1116 used=10965 rej=629 iter=112 stop=cost move=[0.00/0.0000,0.00/0.0000,0.00/0.0000] trueMove=[2.98/0.1113,2.03/0.1386,2.29/0.0629] (5291ms)
314159  s09-long-throw       time           pos=    77.81 rot= 0.4847 grid=   6.4039 camRot= 0.2115 camPos=    6.27 hc=   3.00 fovBias=  0.0016 rms=1.0626 used=11085 rej=509 iter=118 stop=cost move=[5.08/0.1093,1.20/0.1149,6.43/0.2248] trueMove=[2.98/0.1113,2.03/0.1386,2.29/0.0629] (9347ms)
314159  s09-long-throw       time-seq       pos=   387.60 rot= 3.5394 grid=  78.6457 camRot= 1.5452 camPos=   65.83 hc=  19.74 fovBias= -1.0896 rms=1.0792 used=11008 rej=586 iter=236 stop=cost move=[130.27/2.9146,177.14/3.7788,241.12/5.3083] trueMove=[2.98/0.1113,2.03/0.1386,2.29/0.0629] (19288ms)
314159  s10-no-floor-reference base           pos=   309.20 rot= 4.2711 grid=  11.4516 camRot= 0.2744 camPos=    9.46 hc=   4.00 fovBias= -1.2080 rms=0.5279 used=9943 rej=1063 iter=154 stop=cost move=[0.00/0.0000,0.00/0.0000,0.00/0.0000] trueMove=[3.35/0.1353,2.63/0.0339,2.99/0.1141] (5894ms)
314159  s10-no-floor-reference time           pos=   111.51 rot= 0.3438 grid=   5.3172 camRot= 0.2063 camPos=    6.49 hc=   4.00 fovBias= -0.1242 rms=0.4104 used=10472 rej=534 iter=134 stop=cost move=[10.21/0.1762,1.21/0.0963,2.39/0.1746] trueMove=[3.35/0.1353,2.63/0.0339,2.99/0.1141] (8446ms)
314159  s10-no-floor-reference time-seq       pos=   582.00 rot= 4.9559 grid= 116.4079 camRot= 3.5520 camPos=  131.66 hc=   4.00 fovBias= -1.1157 rms=0.5001 used=10192 rej=814 iter=168 stop=cost move=[107.26/2.6749,175.49/7.2042,309.35/9.1341] trueMove=[3.35/0.1353,2.63/0.0339,2.99/0.1141] (13746ms)
314159  s11-fov-held         base           pos=    61.69 rot= 2.2548 grid=  25.4495 camRot= 0.3525 camPos=   21.35 hc=  15.00 fovBias=  0.0326 rms=0.8937 used=7491 rej=854 iter=236 stop=cost move=[0.00/0.0000,0.00/0.0000] trueMove=[1.98/0.0987,1.82/0.1215] (6520ms)
314159  s11-fov-held         time           pos=    18.98 rot= 0.6812 grid=   5.7119 camRot= 0.2623 camPos=   14.39 hc=   1.26 fovBias=  0.0326 rms=0.7934 used=7494 rej=851 iter=47 stop=cost move=[7.76/0.2095,6.83/0.2279] trueMove=[1.98/0.0987,1.82/0.1215] (4596ms)
314159  s11-fov-held         time-seq       pos=   182.47 rot= 4.7696 grid=  86.8068 camRot= 1.5944 camPos=   71.94 hc= 124.31 fovBias=  0.0326 rms=0.8328 used=7490 rej=855 iter=117 stop=cost move=[197.79/5.1405,262.89/6.2043] trueMove=[1.98/0.0987,1.82/0.1215] (9679ms)
271828  s00-clean            base           pos=     1.80 rot= 0.0218 grid=   0.0465 camRot= 0.0218 camPos=    1.01 hc=   0.12 fovBias=  0.0000 rms=0.0001 used=12002 rej=0 iter=17 stop=lambda move=[0.00/0.0000,0.00/0.0000,0.00/0.0000] trueMove=[0.00/0.0000,0.00/0.0000,0.00/0.0000] (2610ms)
271828  s00-clean            time           pos=     1.80 rot= 0.0218 grid=   0.0465 camRot= 0.0218 camPos=    1.01 hc=   0.12 fovBias=  0.0000 rms=0.0001 used=12002 rej=0 iter=13 stop=lambda move=[0.00/0.0000,0.00/0.0000,0.00/0.0000] trueMove=[0.00/0.0000,0.00/0.0000,0.00/0.0000] (4102ms)
271828  s00-clean            time-seq       pos=     1.81 rot= 0.0218 grid=   0.0466 camRot= 0.0218 camPos=    1.01 hc=   0.12 fovBias=  0.0000 rms=0.0001 used=12002 rej=0 iter=21 stop=gradient move=[0.00/0.0000,0.00/0.0000,0.00/0.0000] trueMove=[0.00/0.0000,0.00/0.0000,0.00/0.0000] (4518ms)
271828  s01-nominal          base           pos=     7.76 rot= 0.0204 grid=   0.1516 camRot= 0.0177 camPos=    0.64 hc=   2.21 fovBias=  0.0031 rms=0.1391 used=11865 rej=140 iter=31 stop=cost move=[0.00/0.0000,0.00/0.0000,0.00/0.0000] trueMove=[0.00/0.0000,0.00/0.0000,0.00/0.0000] (2675ms)
271828  s01-nominal          time           pos=     9.29 rot= 0.0221 grid=   0.1668 camRot= 0.0175 camPos=    0.64 hc=   2.19 fovBias=  0.0033 rms=0.1391 used=11870 rej=135 iter=28 stop=cost move=[0.31/0.0076,0.13/0.0033,0.05/0.0014] trueMove=[0.00/0.0000,0.00/0.0000,0.00/0.0000] (3581ms)
271828  s01-nominal          time-seq       pos=     7.42 rot= 0.0594 grid=   1.6272 camRot= 0.0334 camPos=    1.13 hc=   2.94 fovBias= -0.0016 rms=0.1391 used=11869 rej=136 iter=45 stop=cost move=[3.12/0.0791,2.89/0.0745,4.13/0.1145] trueMove=[0.00/0.0000,0.00/0.0000,0.00/0.0000] (7045ms)
271828  s02-sensor-noise     base           pos=    91.86 rot= 0.1146 grid=   0.7562 camRot= 0.0585 camPos=    2.19 hc=   0.02 fovBias= -0.0499 rms=0.5486 used=11454 rej=167 iter=23 stop=cost move=[0.00/0.0000,0.00/0.0000,0.00/0.0000] trueMove=[0.00/0.0000,0.00/0.0000,0.00/0.0000] (1762ms)
271828  s02-sensor-noise     time           pos=    88.59 rot= 0.1127 grid=   0.6714 camRot= 0.0623 camPos=    2.41 hc=   0.03 fovBias= -0.0464 rms=0.5481 used=11454 rej=167 iter=29 stop=cost move=[0.68/0.0151,0.28/0.0060,0.33/0.0114] trueMove=[0.00/0.0000,0.00/0.0000,0.00/0.0000] (4570ms)
271828  s02-sensor-noise     time-seq       pos=   101.16 rot= 0.3659 grid=  10.3024 camRot= 0.2140 camPos=    9.70 hc=   1.23 fovBias= -0.0981 rms=0.5473 used=11448 rej=173 iter=59 stop=cost move=[21.47/0.4772,20.71/0.4806,31.32/0.7067] trueMove=[0.00/0.0000,0.00/0.0000,0.00/0.0000] (6645ms)
271828  s03-high-ambient     base           pos=    24.24 rot= 0.0537 grid=   0.3826 camRot= 0.0414 camPos=    1.64 hc=   1.90 fovBias=  0.0521 rms=0.3511 used=11620 rej=115 iter=25 stop=cost move=[0.00/0.0000,0.00/0.0000,0.00/0.0000] trueMove=[0.00/0.0000,0.00/0.0000,0.00/0.0000] (2164ms)
271828  s03-high-ambient     time           pos=    29.77 rot= 0.0680 grid=   0.5293 camRot= 0.0429 camPos=    1.82 hc=   1.82 fovBias=  0.0758 rms=0.3507 used=11616 rej=119 iter=25 stop=cost move=[1.19/0.0301,0.67/0.0162,0.45/0.0112] trueMove=[0.00/0.0000,0.00/0.0000,0.00/0.0000] (3508ms)
271828  s03-high-ambient     time-seq       pos=    30.17 rot= 0.1724 grid=   4.8994 camRot= 0.1003 camPos=    3.33 hc=   1.56 fovBias=  0.0732 rms=0.3505 used=11615 rej=120 iter=64 stop=cost move=[8.51/0.2206,10.09/0.2364,14.72/0.3448] trueMove=[0.00/0.0000,0.00/0.0000,0.00/0.0000] (8309ms)
271828  s04-handheld         base           pos=   161.44 rot= 1.8613 grid=  15.2913 camRot= 0.4172 camPos=   15.85 hc=   0.90 fovBias=  0.5669 rms=1.4437 used=11033 rej=494 iter=143 stop=cost move=[0.00/0.0000,0.00/0.0000,0.00/0.0000] trueMove=[3.45/0.1469,0.20/0.0834,2.45/0.0745] (6340ms)
271828  s04-handheld         time           pos=   250.32 rot= 0.8838 grid=   7.0938 camRot= 0.1805 camPos=    7.17 hc=   1.78 fovBias= -0.1990 rms=1.3838 used=11169 rej=358 iter=110 stop=cost move=[13.43/0.3111,3.28/0.0448,6.51/0.2104] trueMove=[3.45/0.1469,0.20/0.0834,2.45/0.0745] (9307ms)
271828  s04-handheld         time-seq       pos=   142.52 rot= 1.6951 grid=  47.4624 camRot= 1.2484 camPos=   50.65 hc=  69.02 fovBias= -0.2096 rms=1.4217 used=11061 rej=466 iter=254 stop=maxIterations move=[112.69/2.5695,22.74/1.8507,67.51/3.3279] trueMove=[3.45/0.1469,0.20/0.0834,2.45/0.0745] (20131ms)
271828  s05-two-cameras      base           pos=   323.80 rot= 3.8487 grid=  35.8267 camRot= 0.3314 camPos=    5.76 hc=   0.18 fovBias= -0.8784 rms=0.9484 used=8018 rej=546 iter=152 stop=cost move=[0.00/0.0000,0.00/0.0000] trueMove=[2.39/0.1065,2.55/0.0877] (5008ms)
271828  s05-two-cameras      time           pos=   251.03 rot= 0.7059 grid=   7.9095 camRot= 0.1832 camPos=    5.91 hc=   2.49 fovBias= -0.5524 rms=0.9134 used=8133 rej=431 iter=91 stop=cost move=[4.47/0.1583,6.04/0.2265] trueMove=[2.39/0.1065,2.55/0.0877] (6593ms)
271828  s05-two-cameras      time-seq       pos=   257.64 rot= 4.9703 grid=  90.9433 camRot= 0.7971 camPos=   31.42 hc=  47.00 fovBias= -1.0013 rms=0.9382 used=8068 rej=496 iter=240 stop=cost move=[90.44/2.2506,170.97/4.4340] trueMove=[2.39/0.1065,2.55/0.0877] (14211ms)
271828  s06-six-cameras      base           pos=   390.97 rot= 1.2222 grid=   5.5667 camRot= 0.2528 camPos=   10.17 hc=   4.06 fovBias= -0.6856 rms=0.7024 used=21769 rej=1897 iter=93 stop=cost move=[0.00/0.0000,0.00/0.0000,0.00/0.0000,0.00/0.0000,0.00/0.0000,0.00/0.0000] trueMove=[3.53/0.1245,2.67/0.0688,2.57/0.0759,2.12/0.1055,3.16/0.0413,3.60/0.1420] (7426ms)
271828  s06-six-cameras      time           pos=    49.65 rot= 0.1494 grid=   0.5640 camRot= 0.1976 camPos=    5.60 hc=   1.07 fovBias=  0.0301 rms=0.5629 used=22195 rej=1471 iter=48 stop=cost move=[3.00/0.0429,1.76/0.0909,2.55/0.0792,2.22/0.0653,3.90/0.0454,3.12/0.0964] trueMove=[3.53/0.1245,2.67/0.0688,2.57/0.0759,2.12/0.1055,3.16/0.0413,3.60/0.1420] (8110ms)
271828  s06-six-cameras      time-seq       pos=   357.05 rot= 3.1202 grid=  62.5169 camRot= 1.5943 camPos=   47.72 hc=  35.69 fovBias= -0.9452 rms=0.6545 used=21840 rej=1826 iter=112 stop=cost move=[142.11/3.7360,125.57/3.1852,98.34/2.5211,191.35/5.0175,142.52/4.4063,122.00/4.2351] trueMove=[3.53/0.1245,2.67/0.0688,2.57/0.0759,2.12/0.1055,3.16/0.0413,3.60/0.1420] (16431ms)
271828  s09-long-throw       base           pos=   437.37 rot= 4.5557 grid=  31.8430 camRot= 0.3212 camPos=   15.05 hc=  12.30 fovBias= -1.7148 rms=1.0133 used=10805 rej=607 iter=186 stop=cost move=[0.00/0.0000,0.00/0.0000,0.00/0.0000] trueMove=[2.23/0.1194,1.30/0.0846,1.73/0.1132] (7423ms)
271828  s09-long-throw       time           pos=   102.86 rot= 0.4705 grid=   2.6459 camRot= 0.2494 camPos=    5.27 hc=   1.85 fovBias= -0.2980 rms=0.9932 used=10887 rej=525 iter=116 stop=cost move=[9.14/0.2222,6.64/0.1427,3.37/0.1593] trueMove=[2.23/0.1194,1.30/0.0846,1.73/0.1132] (9296ms)
271828  s09-long-throw       time-seq       pos=   562.65 rot= 4.2739 grid=  40.4479 camRot= 1.0273 camPos=   48.19 hc=  48.16 fovBias= -1.4996 rms=1.0055 used=10810 rej=602 iter=400 stop=maxIterations move=[95.22/1.9666,42.87/1.6311,136.76/3.0315] trueMove=[2.23/0.1194,1.30/0.0846,1.73/0.1132] (24402ms)
271828  s10-no-floor-reference base           pos=   360.54 rot= 3.6210 grid=  18.4317 camRot= 0.3202 camPos=    9.40 hc=  23.75 fovBias=  0.1186 rms=0.9184 used=10730 rej=513 iter=122 stop=cost move=[0.00/0.0000,0.00/0.0000,0.00/0.0000] trueMove=[3.42/0.0781,0.96/0.1226,2.14/0.0404] (5690ms)
271828  s10-no-floor-reference time           pos=    21.83 rot= 0.2022 grid=   2.5831 camRot= 0.2716 camPos=    6.85 hc=  23.75 fovBias=  0.0251 rms=0.9419 used=10794 rej=449 iter=400 stop=maxIterations move=[7.55/0.1517,6.99/0.1864,7.13/0.2164] trueMove=[3.42/0.0781,0.96/0.1226,2.14/0.0404] (28606ms)
271828  s10-no-floor-reference time-seq       pos=   284.89 rot= 2.0872 grid=  53.6559 camRot= 1.0950 camPos=   57.82 hc=  23.75 fovBias=  0.5777 rms=0.9444 used=10758 rej=485 iter=167 stop=cost move=[62.60/1.2575,132.60/2.9185,168.19/3.4937] trueMove=[3.42/0.0781,0.96/0.1226,2.14/0.0404] (12654ms)
271828  s11-fov-held         base           pos=    27.01 rot= 1.9532 grid=  26.9141 camRot= 0.1693 camPos=    5.76 hc=   4.04 fovBias= -0.0769 rms=0.9720 used=8024 rej=540 iter=68 stop=cost move=[0.00/0.0000,0.00/0.0000] trueMove=[2.39/0.1065,2.55/0.0877] (2478ms)
271828  s11-fov-held         time           pos=    25.00 rot= 0.7259 grid=   8.7156 camRot= 0.1894 camPos=    6.01 hc=   1.63 fovBias= -0.0769 rms=0.9127 used=8129 rej=435 iter=36 stop=cost move=[4.08/0.1544,6.26/0.2318] trueMove=[2.39/0.1065,2.55/0.0877] (4062ms)
271828  s11-fov-held         time-seq       pos=   126.51 rot= 2.3240 grid=  72.9395 camRot= 0.9324 camPos=   36.33 hc=  54.11 fovBias= -0.0769 rms=0.9277 used=8036 rej=528 iter=141 stop=cost move=[103.07/2.5998,163.72/3.9518] trueMove=[2.39/0.1065,2.55/0.0877] (10094ms)
161803  s00-clean            base           pos=     2.38 rot= 0.0268 grid=   0.0393 camRot= 0.0268 camPos=    1.12 hc=   1.23 fovBias=  0.0001 rms=0.0001 used=12282 rej=0 iter=18 stop=step move=[0.00/0.0000,0.00/0.0000,0.00/0.0000] trueMove=[0.00/0.0000,0.00/0.0000,0.00/0.0000] (2624ms)
161803  s00-clean            time           pos=     2.38 rot= 0.0268 grid=   0.0393 camRot= 0.0268 camPos=    1.12 hc=   1.23 fovBias=  0.0001 rms=0.0001 used=12282 rej=0 iter=17 stop=step move=[0.00/0.0000,0.00/0.0000,0.00/0.0000] trueMove=[0.00/0.0000,0.00/0.0000,0.00/0.0000] (4543ms)
161803  s00-clean            time-seq       pos=     2.38 rot= 0.0268 grid=   0.0400 camRot= 0.0268 camPos=    1.12 hc=   1.23 fovBias=  0.0001 rms=0.0001 used=12282 rej=0 iter=26 stop=step move=[0.00/0.0001,0.00/0.0001,0.01/0.0002] trueMove=[0.00/0.0000,0.00/0.0000,0.00/0.0000] (5336ms)
161803  s01-nominal          base           pos=    33.80 rot= 0.0211 grid=   0.2986 camRot= 0.0089 camPos=    0.38 hc=   2.63 fovBias= -0.0866 rms=0.2756 used=12036 rej=146 iter=52 stop=cost move=[0.00/0.0000,0.00/0.0000,0.00/0.0000] trueMove=[0.00/0.0000,0.00/0.0000,0.00/0.0000] (3848ms)
161803  s01-nominal          time           pos=    32.91 rot= 0.0337 grid=   0.3631 camRot= 0.0115 camPos=    0.45 hc=   2.70 fovBias= -0.0938 rms=0.2756 used=12042 rej=140 iter=41 stop=cost move=[0.88/0.0217,0.21/0.0049,0.15/0.0038] trueMove=[0.00/0.0000,0.00/0.0000,0.00/0.0000] (6815ms)
161803  s01-nominal          time-seq       pos=    32.41 rot= 0.0434 grid=   0.4521 camRot= 0.0123 camPos=    0.45 hc=   2.70 fovBias= -0.0841 rms=0.2756 used=12035 rej=147 iter=64 stop=cost move=[1.14/0.0272,0.69/0.0174,1.54/0.0371] trueMove=[0.00/0.0000,0.00/0.0000,0.00/0.0000] (7571ms)
161803  s02-sensor-noise     base           pos=    53.63 rot= 0.0485 grid=   0.4107 camRot= 0.0207 camPos=    1.07 hc=   0.62 fovBias= -0.0630 rms=0.5642 used=11639 rej=142 iter=35 stop=cost move=[0.00/0.0000,0.00/0.0000,0.00/0.0000] trueMove=[0.00/0.0000,0.00/0.0000,0.00/0.0000] (2511ms)
161803  s02-sensor-noise     time           pos=    56.75 rot= 0.0427 grid=   0.3812 camRot= 0.0225 camPos=    1.07 hc=   0.63 fovBias= -0.0318 rms=0.5646 used=11639 rej=142 iter=28 stop=cost move=[0.19/0.0048,1.08/0.0217,1.12/0.0228] trueMove=[0.00/0.0000,0.00/0.0000,0.00/0.0000] (4238ms)
161803  s02-sensor-noise     time-seq       pos=    45.90 rot= 0.0885 grid=   0.7897 camRot= 0.0342 camPos=    1.74 hc=   0.75 fovBias=  0.0049 rms=0.5635 used=11636 rej=145 iter=115 stop=cost move=[0.92/0.0186,2.30/0.0500,2.42/0.0522] trueMove=[0.00/0.0000,0.00/0.0000,0.00/0.0000] (9948ms)
161803  s03-high-ambient     base           pos=    40.41 rot= 0.0625 grid=   0.1685 camRot= 0.0336 camPos=    1.46 hc=   0.01 fovBias= -0.0789 rms=0.3490 used=11725 rej=123 iter=22 stop=cost move=[0.00/0.0000,0.00/0.0000,0.00/0.0000] trueMove=[0.00/0.0000,0.00/0.0000,0.00/0.0000] (2159ms)
161803  s03-high-ambient     time           pos=    39.53 rot= 0.0733 grid=   0.1652 camRot= 0.0340 camPos=    1.44 hc=   0.00 fovBias= -0.0772 rms=0.3489 used=11724 rej=124 iter=23 stop=cost move=[0.10/0.0033,0.72/0.0169,0.57/0.0130] trueMove=[0.00/0.0000,0.00/0.0000,0.00/0.0000] (3423ms)
161803  s03-high-ambient     time-seq       pos=    43.23 rot= 0.1969 grid=   4.4324 camRot= 0.0843 camPos=    3.05 hc=   0.37 fovBias= -0.0795 rms=0.3488 used=11721 rej=127 iter=36 stop=cost move=[8.40/0.2014,8.94/0.2155,13.23/0.3052] trueMove=[0.00/0.0000,0.00/0.0000,0.00/0.0000] (5564ms)
161803  s04-handheld         base           pos=   435.98 rot= 4.0038 grid=  15.1660 camRot= 0.4386 camPos=   10.86 hc=   2.01 fovBias= -2.1509 rms=0.9693 used=10343 rej=754 iter=95 stop=cost move=[0.00/0.0000,0.00/0.0000,0.00/0.0000] trueMove=[1.06/0.0703,2.26/0.0918,3.07/0.0893] (4118ms)
161803  s04-handheld         time           pos=   104.26 rot= 0.3854 grid=   4.1105 camRot= 0.2137 camPos=    5.04 hc=   0.01 fovBias= -0.0441 rms=0.9064 used=10344 rej=753 iter=57 stop=cost move=[9.30/0.2589,4.69/0.0835,2.19/0.0866] trueMove=[1.06/0.0703,2.26/0.0918,3.07/0.0893] (6195ms)
161803  s04-handheld         time-seq       pos=   536.66 rot= 5.3433 grid=  42.6285 camRot= 1.2526 camPos=   60.71 hc=  69.45 fovBias= -1.1158 rms=0.9503 used=10313 rej=784 iter=136 stop=cost move=[105.11/2.2867,36.29/2.0141,89.63/2.9264] trueMove=[1.06/0.0703,2.26/0.0918,3.07/0.0893] (12102ms)
161803  s05-two-cameras      base           pos=  1387.30 rot= 2.3678 grid=   8.6926 camRot= 0.2809 camPos=   11.22 hc=   1.69 fovBias= -1.7224 rms=0.9018 used=7722 rej=673 iter=224 stop=cost move=[0.00/0.0000,0.00/0.0000] trueMove=[2.36/0.1358,2.32/0.0593] (6728ms)
161803  s05-two-cameras      time           pos=   448.17 rot= 3.9821 grid=  78.0400 camRot= 0.3460 camPos=    7.41 hc=   5.22 fovBias= -1.8400 rms=0.8589 used=7714 rej=681 iter=232 stop=cost move=[6.10/0.0881,10.20/0.2741] trueMove=[2.36/0.1358,2.32/0.0593] (11868ms)
161803  s05-two-cameras      time-seq       pos=   721.47 rot= 2.4743 grid=  28.6647 camRot= 0.4985 camPos=   19.33 hc=  25.01 fovBias= -2.0159 rms=0.8933 used=7725 rej=670 iter=367 stop=cost move=[66.07/1.7964,98.65/2.5491] trueMove=[2.36/0.1358,2.32/0.0593] (20357ms)
161803  s06-six-cameras      base           pos=   396.74 rot= 2.9544 grid=  17.4535 camRot= 0.2347 camPos=   14.30 hc=   2.84 fovBias= -1.2786 rms=1.0854 used=21685 rej=1756 iter=112 stop=cost move=[0.00/0.0000,0.00/0.0000,0.00/0.0000,0.00/0.0000,0.00/0.0000,0.00/0.0000] trueMove=[2.74/0.0925,2.19/0.1630,2.95/0.1433,2.22/0.1367,3.87/0.1070,2.98/0.0621] (9299ms)
161803  s06-six-cameras      time           pos=    79.74 rot= 0.1820 grid=   2.9125 camRot= 0.2779 camPos=    6.22 hc=   0.84 fovBias= -0.1274 rms=0.9090 used=22242 rej=1199 iter=44 stop=cost move=[5.73/0.1173,2.75/0.0898,3.13/0.1257,1.34/0.1268,3.71/0.0584,6.11/0.1468] trueMove=[2.74/0.0925,2.19/0.1630,2.95/0.1433,2.22/0.1367,3.87/0.1070,2.98/0.0621] (8055ms)
161803  s06-six-cameras      time-seq       pos=   331.68 rot= 1.7215 grid=  25.6814 camRot= 0.8260 camPos=   39.17 hc=  38.39 fovBias= -0.7711 rms=1.0183 used=21810 rej=1631 iter=139 stop=cost move=[114.51/2.4287,69.08/1.8409,54.26/1.7821,57.42/1.0847,53.24/2.2207,56.28/2.2536] trueMove=[2.74/0.0925,2.19/0.1630,2.95/0.1433,2.22/0.1367,3.87/0.1070,2.98/0.0621] (19164ms)
161803  s09-long-throw       base           pos=   339.74 rot= 4.1603 grid=  19.5858 camRot= 0.3652 camPos=    8.56 hc=  11.70 fovBias= -1.1124 rms=0.8354 used=10393 rej=904 iter=288 stop=cost move=[0.00/0.0000,0.00/0.0000,0.00/0.0000] trueMove=[0.91/0.1003,2.11/0.0591,2.10/0.1360] (10949ms)
161803  s09-long-throw       time           pos=   218.42 rot= 0.5497 grid=   3.8900 camRot= 0.1977 camPos=    4.01 hc=   2.58 fovBias= -0.1868 rms=0.7098 used=10471 rej=826 iter=141 stop=cost move=[2.42/0.0677,3.97/0.0697,6.41/0.1034] trueMove=[0.91/0.1003,2.11/0.0591,2.10/0.1360] (11023ms)
161803  s09-long-throw       time-seq       pos=   427.82 rot= 4.5125 grid=  83.6418 camRot= 1.8426 camPos=   73.82 hc=  66.05 fovBias= -0.2260 rms=0.7600 used=10358 rej=939 iter=250 stop=cost move=[126.60/3.0098,194.42/4.2850,201.47/5.5685] trueMove=[0.91/0.1003,2.11/0.0591,2.10/0.1360] (17246ms)
161803  s10-no-floor-reference base           pos=   111.22 rot= 0.2385 grid=   9.0228 camRot= 0.1318 camPos=    8.40 hc=  17.53 fovBias= -0.0493 rms=0.9297 used=10607 rej=789 iter=55 stop=cost move=[0.00/0.0000,0.00/0.0000,0.00/0.0000] trueMove=[1.22/0.0366,3.03/0.1286,2.10/0.0261] (3373ms)
161803  s10-no-floor-reference time           pos=   137.40 rot= 0.3471 grid=   3.9827 camRot= 0.0996 camPos=    7.58 hc=  17.53 fovBias= -0.2278 rms=0.9139 used=10600 rej=796 iter=104 stop=cost move=[2.11/0.0371,7.67/0.1414,7.70/0.1567] trueMove=[1.22/0.0366,3.03/0.1286,2.10/0.0261] (8218ms)
161803  s10-no-floor-reference time-seq       pos=   193.87 rot= 1.2755 grid=  30.3023 camRot= 0.5698 camPos=   27.59 hc=  17.53 fovBias=  0.6589 rms=0.9234 used=10576 rej=820 iter=80 stop=cost move=[62.24/1.2993,56.72/1.1824,112.45/2.3133] trueMove=[1.22/0.0366,3.03/0.1286,2.10/0.0261] (8552ms)
161803  s11-fov-held         base           pos=    73.60 rot= 1.2208 grid=   7.5383 camRot= 0.2980 camPos=   11.42 hc=   0.21 fovBias=  0.1363 rms=0.8760 used=7705 rej=690 iter=41 stop=cost move=[0.00/0.0000,0.00/0.0000] trueMove=[2.36/0.1358,2.32/0.0593] (2577ms)
161803  s11-fov-held         time           pos=    47.92 rot= 0.9082 grid=   7.4678 camRot= 0.2195 camPos=    6.85 hc=   1.23 fovBias=  0.1363 rms=0.8635 used=7727 rej=668 iter=46 stop=cost move=[3.74/0.0572,11.44/0.3035] trueMove=[2.36/0.1358,2.32/0.0593] (4363ms)
161803  s11-fov-held         time-seq       pos=   191.27 rot= 1.9238 grid=  49.9066 camRot= 0.4704 camPos=   21.62 hc=   6.14 fovBias=  0.1363 rms=0.8744 used=7721 rej=674 iter=78 stop=cost move=[111.67/2.8214,143.94/3.8549] trueMove=[2.36/0.1358,2.32/0.0593] (7811ms)
141421  s00-clean            base           pos=     3.69 rot= 0.0567 grid=   0.0492 camRot= 0.0567 camPos=    2.41 hc=   1.96 fovBias=  0.0000 rms=0.0001 used=11681 rej=0 iter=21 stop=step move=[0.00/0.0000,0.00/0.0000,0.00/0.0000] trueMove=[0.00/0.0000,0.00/0.0000,0.00/0.0000] (2814ms)
141421  s00-clean            time           pos=     3.69 rot= 0.0567 grid=   0.0492 camRot= 0.0567 camPos=    2.41 hc=   1.96 fovBias= -0.0000 rms=0.0001 used=11681 rej=0 iter=18 stop=lambda move=[0.00/0.0000,0.00/0.0000,0.00/0.0000] trueMove=[0.00/0.0000,0.00/0.0000,0.00/0.0000] (4836ms)
141421  s00-clean            time-seq       pos=     3.69 rot= 0.0567 grid=   0.0495 camRot= 0.0567 camPos=    2.41 hc=   1.96 fovBias=  0.0000 rms=0.0001 used=11681 rej=0 iter=25 stop=step move=[0.00/0.0000,0.00/0.0000,0.00/0.0001] trueMove=[0.00/0.0000,0.00/0.0000,0.00/0.0000] (6939ms)
141421  s01-nominal          base           pos=    44.60 rot= 0.0290 grid=   0.1427 camRot= 0.0161 camPos=    0.70 hc=   1.36 fovBias= -0.1395 rms=0.2759 used=11931 rej=140 iter=35 stop=cost move=[0.00/0.0000,0.00/0.0000,0.00/0.0000] trueMove=[0.00/0.0000,0.00/0.0000,0.00/0.0000] (2727ms)
141421  s01-nominal          time           pos=    43.17 rot= 0.0345 grid=   0.2574 camRot= 0.0151 camPos=    0.65 hc=   1.39 fovBias= -0.1360 rms=0.2758 used=11931 rej=140 iter=49 stop=cost move=[0.15/0.0030,0.07/0.0031,0.12/0.0027] trueMove=[0.00/0.0000,0.00/0.0000,0.00/0.0000] (5196ms)
141421  s01-nominal          time-seq       pos=    45.30 rot= 0.0406 grid=   0.5608 camRot= 0.0180 camPos=    0.67 hc=   1.90 fovBias= -0.1368 rms=0.2758 used=11930 rej=141 iter=92 stop=cost move=[1.27/0.0278,0.25/0.0237,1.49/0.0372] trueMove=[0.00/0.0000,0.00/0.0000,0.00/0.0000] (9912ms)
141421  s02-sensor-noise     base           pos=    56.68 rot= 0.0681 grid=   0.2350 camRot= 0.0088 camPos=    0.34 hc=   3.17 fovBias= -0.0437 rms=0.5596 used=11628 rej=136 iter=40 stop=step move=[0.00/0.0000,0.00/0.0000,0.00/0.0000] trueMove=[0.00/0.0000,0.00/0.0000,0.00/0.0000] (2961ms)
141421  s02-sensor-noise     time           pos=    60.63 rot= 0.0647 grid=   0.3284 camRot= 0.0115 camPos=    0.51 hc=   3.19 fovBias= -0.0461 rms=0.5599 used=11631 rej=133 iter=40 stop=cost move=[0.33/0.0083,0.50/0.0105,0.15/0.0040] trueMove=[0.00/0.0000,0.00/0.0000,0.00/0.0000] (4211ms)
141421  s02-sensor-noise     time-seq       pos=    52.86 rot= 0.1399 grid=   2.4471 camRot= 0.0465 camPos=    2.14 hc=   2.37 fovBias= -0.0058 rms=0.5598 used=11634 rej=130 iter=36 stop=cost move=[2.48/0.0519,6.77/0.1444,7.37/0.1720] trueMove=[0.00/0.0000,0.00/0.0000,0.00/0.0000] (5056ms)
141421  s03-high-ambient     base           pos=    23.69 rot= 0.0439 grid=   0.2670 camRot= 0.0253 camPos=    0.96 hc=   0.77 fovBias=  0.1185 rms=0.3511 used=11642 rej=128 iter=41 stop=cost move=[0.00/0.0000,0.00/0.0000,0.00/0.0000] trueMove=[0.00/0.0000,0.00/0.0000,0.00/0.0000] (2713ms)
141421  s03-high-ambient     time           pos=    23.27 rot= 0.0490 grid=   0.2798 camRot= 0.0263 camPos=    1.00 hc=   0.75 fovBias=  0.1078 rms=0.3510 used=11640 rej=130 iter=61 stop=cost move=[0.29/0.0075,0.19/0.0045,0.58/0.0141] trueMove=[0.00/0.0000,0.00/0.0000,0.00/0.0000] (5735ms)
141421  s03-high-ambient     time-seq       pos=    21.11 rot= 0.0528 grid=   1.2932 camRot= 0.0411 camPos=    1.56 hc=   0.85 fovBias=  0.1041 rms=0.3510 used=11643 rej=127 iter=91 stop=cost move=[2.74/0.0693,2.65/0.0623,3.96/0.0935] trueMove=[0.00/0.0000,0.00/0.0000,0.00/0.0000] (10380ms)
141421  s04-handheld         base           pos=   395.76 rot= 5.5627 grid=  24.3180 camRot= 0.2648 camPos=    6.55 hc=  10.74 fovBias= -1.2006 rms=1.2512 used=10414 rej=594 iter=99 stop=cost move=[0.00/0.0000,0.00/0.0000,0.00/0.0000] trueMove=[1.98/0.1174,3.69/0.1093,2.14/0.1226] (4705ms)
141421  s04-handheld         time           pos=    75.88 rot= 0.3301 grid=   4.1823 camRot= 0.2142 camPos=   11.13 hc=   0.75 fovBias=  0.1475 rms=1.1127 used=10534 rej=474 iter=239 stop=maxIterations move=[2.38/0.0086,4.84/0.1674,13.16/0.2300] trueMove=[1.98/0.1174,3.69/0.1093,2.14/0.1226] (15769ms)
141421  s04-handheld         time-seq       pos=   286.91 rot= 3.5160 grid=  21.7651 camRot= 0.2868 camPos=   15.06 hc=  10.77 fovBias= -1.0984 rms=1.2758 used=10428 rej=580 iter=121 stop=cost move=[53.34/1.1896,55.03/1.1226,23.18/1.0172] trueMove=[1.98/0.1174,3.69/0.1093,2.14/0.1226] (12224ms)
141421  s05-two-cameras      base           pos=   416.49 rot= 2.8890 grid=  25.2438 camRot= 0.2064 camPos=    8.55 hc=   3.35 fovBias= -1.3533 rms=0.8979 used=8305 rej=571 iter=91 stop=cost move=[0.00/0.0000,0.00/0.0000] trueMove=[1.27/0.1216,3.17/0.0977] (3780ms)
141421  s05-two-cameras      time           pos=   108.11 rot= 0.3788 grid=   2.0949 camRot= 0.1930 camPos=    6.38 hc=   2.35 fovBias= -0.2333 rms=0.8794 used=8426 rej=450 iter=172 stop=cost move=[3.51/0.1385,1.43/0.0352] trueMove=[1.27/0.1216,3.17/0.0977] (11208ms)
141421  s05-two-cameras      time-seq       pos=   401.44 rot= 2.4675 grid=  55.1079 camRot= 0.5079 camPos=   19.35 hc=   9.11 fovBias= -1.3459 rms=0.8927 used=8326 rej=550 iter=349 stop=maxIterations move=[124.71/3.0492,142.88/4.0334] trueMove=[1.27/0.1216,3.17/0.0977] (19522ms)
141421  s06-six-cameras      base           pos=   397.20 rot= 0.9400 grid=   6.1929 camRot= 0.2743 camPos=    6.54 hc=   2.12 fovBias= -0.9490 rms=1.0666 used=21846 rej=1840 iter=102 stop=cost move=[0.00/0.0000,0.00/0.0000,0.00/0.0000,0.00/0.0000,0.00/0.0000,0.00/0.0000] trueMove=[2.68/0.0461,2.96/0.1338,2.07/0.0719,1.77/0.1389,2.71/0.1076,2.49/0.0979] (8594ms)
141421  s06-six-cameras      time           pos=    70.73 rot= 0.1913 grid=   1.0072 camRot= 0.2232 camPos=    8.72 hc=   0.29 fovBias= -0.3879 rms=0.9125 used=22116 rej=1570 iter=73 stop=cost move=[1.59/0.0929,2.15/0.1218,4.17/0.0949,3.18/0.0953,3.48/0.1925,5.93/0.2146] trueMove=[2.68/0.0461,2.96/0.1338,2.07/0.0719,1.77/0.1389,2.71/0.1076,2.49/0.0979] (13074ms)
141421  s06-six-cameras      time-seq       pos=   473.75 rot= 2.0437 grid=  54.8324 camRot= 1.3218 camPos=   52.60 hc=  26.69 fovBias= -1.5873 rms=0.9868 used=21837 rej=1849 iter=249 stop=maxIterations move=[168.55/4.0802,64.85/2.4362,109.93/3.0294,104.01/2.5658,153.43/3.5096,163.35/4.0844] trueMove=[2.68/0.0461,2.96/0.1338,2.07/0.0719,1.77/0.1389,2.71/0.1076,2.49/0.0979] (34217ms)
141421  s09-long-throw       base           pos=   497.61 rot= 5.4561 grid=  29.2179 camRot= 0.2871 camPos=    8.05 hc=  14.42 fovBias= -1.2415 rms=0.9393 used=10658 rej=912 iter=230 stop=cost move=[0.00/0.0000,0.00/0.0000,0.00/0.0000] trueMove=[0.79/0.1297,1.86/0.1610,0.67/0.1146] (9069ms)
141421  s09-long-throw       time           pos=   250.71 rot= 0.3796 grid=   3.8816 camRot= 0.2357 camPos=    8.88 hc=   0.91 fovBias= -0.5293 rms=0.8991 used=10700 rej=870 iter=134 stop=cost move=[8.21/0.2423,0.85/0.1485,12.09/0.3526] trueMove=[0.79/0.1297,1.86/0.1610,0.67/0.1146] (10540ms)
141421  s09-long-throw       time-seq       pos=  1152.80 rot= 4.2965 grid=  39.0757 camRot= 0.6822 camPos=   28.58 hc=  45.70 fovBias= -2.2703 rms=0.9166 used=10617 rej=953 iter=272 stop=cost move=[119.11/2.7680,59.76/1.3265,83.88/2.7578] trueMove=[0.79/0.1297,1.86/0.1610,0.67/0.1146] (18918ms)
141421  s10-no-floor-reference base           pos=   287.80 rot= 1.0542 grid=   7.2044 camRot= 0.1913 camPos=    4.07 hc=   8.47 fovBias= -0.8774 rms=0.7748 used=10652 rej=960 iter=45 stop=cost move=[0.00/0.0000,0.00/0.0000,0.00/0.0000] trueMove=[2.21/0.1144,2.27/0.1013,2.41/0.1535] (3062ms)
141421  s10-no-floor-reference time           pos=    88.23 rot= 0.2037 grid=   3.4006 camRot= 0.2037 camPos=    4.17 hc=   8.47 fovBias= -0.2151 rms=0.7828 used=10728 rej=884 iter=45 stop=cost move=[2.52/0.0954,5.55/0.1653,2.19/0.0798] trueMove=[2.21/0.1144,2.27/0.1013,2.41/0.1535] (4997ms)
141421  s10-no-floor-reference time-seq       pos=   213.21 rot= 1.1101 grid=  10.7235 camRot= 0.3342 camPos=   12.20 hc=   8.47 fovBias= -0.4565 rms=0.7635 used=10700 rej=912 iter=93 stop=cost move=[19.28/0.7201,22.21/0.5135,8.65/0.8096] trueMove=[2.21/0.1144,2.27/0.1013,2.41/0.1535] (8998ms)
141421  s11-fov-held         base           pos=    68.81 rot= 2.2729 grid=  19.3989 camRot= 0.1836 camPos=    8.57 hc=   0.48 fovBias=  0.3466 rms=0.9076 used=8246 rej=630 iter=41 stop=cost move=[0.00/0.0000,0.00/0.0000] trueMove=[1.27/0.1216,3.17/0.0977] (2428ms)
141421  s11-fov-held         time           pos=    68.17 rot= 0.2383 grid=   2.0594 camRot= 0.1988 camPos=    6.06 hc=   2.29 fovBias=  0.3466 rms=0.8784 used=8424 rej=452 iter=36 stop=cost move=[4.00/0.1394,1.56/0.0356] trueMove=[1.27/0.1216,3.17/0.0977] (4673ms)
141421  s11-fov-held         time-seq       pos=   236.25 rot= 2.4126 grid=  69.6458 camRot= 0.7700 camPos=   30.99 hc=  30.15 fovBias=  0.3466 rms=0.8926 used=8277 rej=599 iter=68 stop=cost move=[149.11/3.5662,163.97/4.7982] trueMove=[1.27/0.1216,3.17/0.0977] (6657ms)
173205  s00-clean            base           pos=     0.42 rot= 0.0056 grid=   0.0647 camRot= 0.0056 camPos=    0.25 hc=   2.24 fovBias=  0.0000 rms=0.0001 used=11585 rej=0 iter=13 stop=step move=[0.00/0.0000,0.00/0.0000,0.00/0.0000] trueMove=[0.00/0.0000,0.00/0.0000,0.00/0.0000] (2405ms)
173205  s00-clean            time           pos=     0.42 rot= 0.0056 grid=   0.0647 camRot= 0.0056 camPos=    0.25 hc=   2.24 fovBias=  0.0000 rms=0.0001 used=11585 rej=0 iter=12 stop=step move=[0.00/0.0000,0.00/0.0000,0.00/0.0000] trueMove=[0.00/0.0000,0.00/0.0000,0.00/0.0000] (4168ms)
173205  s00-clean            time-seq       pos=     0.43 rot= 0.0056 grid=   0.0647 camRot= 0.0056 camPos=    0.25 hc=   2.23 fovBias=  0.0000 rms=0.0001 used=11585 rej=0 iter=22 stop=step move=[0.00/0.0000,0.00/0.0000,0.00/0.0001] trueMove=[0.00/0.0000,0.00/0.0000,0.00/0.0000] (6112ms)
173205  s01-nominal          base           pos=    20.69 rot= 0.0393 grid=   0.1228 camRot= 0.0384 camPos=    1.36 hc=   1.22 fovBias= -0.0002 rms=0.1402 used=11724 rej=138 iter=29 stop=cost move=[0.00/0.0000,0.00/0.0000,0.00/0.0000] trueMove=[0.00/0.0000,0.00/0.0000,0.00/0.0000] (2663ms)
173205  s01-nominal          time           pos=    18.03 rot= 0.0451 grid=   0.0948 camRot= 0.0397 camPos=    1.40 hc=   1.24 fovBias= -0.0017 rms=0.1401 used=11726 rej=136 iter=40 stop=cost move=[0.01/0.0009,0.22/0.0062,0.39/0.0105] trueMove=[0.00/0.0000,0.00/0.0000,0.00/0.0000] (5219ms)
173205  s01-nominal          time-seq       pos=    20.04 rot= 0.1218 grid=   3.3873 camRot= 0.0722 camPos=    2.22 hc=   1.12 fovBias= -0.0076 rms=0.1401 used=11728 rej=134 iter=77 stop=cost move=[5.52/0.1537,5.36/0.1539,8.66/0.2310] trueMove=[0.00/0.0000,0.00/0.0000,0.00/0.0000] (9194ms)
173205  s02-sensor-noise     base           pos=    60.21 rot= 0.1987 grid=   0.7871 camRot= 0.0564 camPos=    2.30 hc=   1.43 fovBias=  0.2813 rms=0.5706 used=11894 rej=138 iter=50 stop=cost move=[0.00/0.0000,0.00/0.0000,0.00/0.0000] trueMove=[0.00/0.0000,0.00/0.0000,0.00/0.0000] (3163ms)
173205  s02-sensor-noise     time           pos=    33.26 rot= 0.0815 grid=   0.3619 camRot= 0.0623 camPos=    2.40 hc=   1.42 fovBias=  0.0339 rms=0.5697 used=11897 rej=135 iter=46 stop=cost move=[3.05/0.0692,0.93/0.0239,1.69/0.0397] trueMove=[0.00/0.0000,0.00/0.0000,0.00/0.0000] (4592ms)
173205  s02-sensor-noise     time-seq       pos=    48.69 rot= 0.4257 grid=  12.0769 camRot= 0.2083 camPos=    9.29 hc=   2.17 fovBias=  0.0685 rms=0.5700 used=11901 rej=131 iter=35 stop=cost move=[26.56/0.5995,21.48/0.5620,35.12/0.8397] trueMove=[0.00/0.0000,0.00/0.0000,0.00/0.0000] (6285ms)
173205  s03-high-ambient     base           pos=    37.48 rot= 0.0610 grid=   0.3950 camRot= 0.0275 camPos=    1.14 hc=   0.95 fovBias=  0.0575 rms=0.3450 used=11554 rej=133 iter=35 stop=cost move=[0.00/0.0000,0.00/0.0000,0.00/0.0000] trueMove=[0.00/0.0000,0.00/0.0000,0.00/0.0000] (2487ms)
173205  s03-high-ambient     time           pos=    37.27 rot= 0.0738 grid=   0.4391 camRot= 0.0332 camPos=    1.41 hc=   0.95 fovBias=  0.0629 rms=0.3449 used=11555 rej=132 iter=37 stop=cost move=[1.44/0.0292,0.40/0.0102,0.57/0.0126] trueMove=[0.00/0.0000,0.00/0.0000,0.00/0.0000] (4450ms)
173205  s03-high-ambient     time-seq       pos=    38.72 rot= 0.1681 grid=   5.6755 camRot= 0.0956 camPos=    4.75 hc=   0.98 fovBias=  0.0722 rms=0.3445 used=11551 rej=136 iter=52 stop=cost move=[14.49/0.2928,11.47/0.2551,18.64/0.3936] trueMove=[0.00/0.0000,0.00/0.0000,0.00/0.0000] (8108ms)
173205  s04-handheld         base           pos=   448.60 rot= 2.9410 grid=  21.3990 camRot= 0.1804 camPos=    7.15 hc=   2.52 fovBias= -2.2169 rms=0.8972 used=10723 rej=843 iter=119 stop=cost move=[0.00/0.0000,0.00/0.0000,0.00/0.0000] trueMove=[2.39/0.0817,2.22/0.0970,2.09/0.0975] (5335ms)
173205  s04-handheld         time           pos=   251.69 rot= 0.5994 grid=   1.6710 camRot= 0.2016 camPos=    5.31 hc=   2.01 fovBias= -0.5249 rms=0.8305 used=10701 rej=865 iter=64 stop=cost move=[3.28/0.0950,1.17/0.0867,3.27/0.0852] trueMove=[2.39/0.0817,2.22/0.0970,2.09/0.0975] (6913ms)
173205  s04-handheld         time-seq       pos=   357.73 rot= 2.3905 grid=  51.3859 camRot= 1.1908 camPos=   40.29 hc=  31.24 fovBias= -0.4887 rms=0.9020 used=10729 rej=837 iter=273 stop=maxIterations move=[84.72/2.1717,114.34/2.8204,109.38/3.6126] trueMove=[2.39/0.0817,2.22/0.0970,2.09/0.0975] (19733ms)
173205  s05-two-cameras      base           pos=   454.10 rot= 8.3394 grid=  29.8191 camRot= 0.1765 camPos=   11.18 hc=   3.10 fovBias= -0.4477 rms=1.4372 used=7478 rej=420 iter=122 stop=cost move=[0.00/0.0000,0.00/0.0000] trueMove=[2.09/0.0914,2.79/0.1469] (4214ms)
173205  s05-two-cameras      time           pos=   174.64 rot= 0.3006 grid=   2.4780 camRot= 0.1451 camPos=    6.41 hc=   0.31 fovBias=  0.2040 rms=1.3647 used=7553 rej=345 iter=78 stop=cost move=[18.95/0.3642,4.58/0.1699] trueMove=[2.09/0.0914,2.79/0.1469] (5450ms)
173205  s05-two-cameras      time-seq       pos=   387.68 rot= 3.0496 grid=  79.3051 camRot= 1.5176 camPos=   76.72 hc=  98.96 fovBias=  0.3798 rms=1.4327 used=7488 rej=410 iter=400 stop=maxIterations move=[169.67/3.1110,275.69/5.8426] trueMove=[2.09/0.0914,2.79/0.1469] (21234ms)
173205  s06-six-cameras      base           pos=   404.66 rot= 4.1180 grid=  17.7203 camRot= 0.3046 camPos=    7.69 hc=  10.06 fovBias= -1.2297 rms=1.0619 used=21733 rej=1592 iter=74 stop=cost move=[0.00/0.0000,0.00/0.0000,0.00/0.0000,0.00/0.0000,0.00/0.0000,0.00/0.0000] trueMove=[3.14/0.1001,2.24/0.0487,2.19/0.1410,2.55/0.0902,2.26/0.0981,3.27/0.0793] (6278ms)
173205  s06-six-cameras      time           pos=   149.86 rot= 0.3096 grid=   0.9337 camRot= 0.3461 camPos=    5.63 hc=   0.35 fovBias= -0.2891 rms=0.9614 used=22047 rej=1278 iter=117 stop=cost move=[3.01/0.0405,6.21/0.1402,3.81/0.1163,5.01/0.2340,3.95/0.0533,2.13/0.0976] trueMove=[3.14/0.1001,2.24/0.0487,2.19/0.1410,2.55/0.0902,2.26/0.0981,3.27/0.0793] (18029ms)
173205  s06-six-cameras      time-seq       pos=   411.06 rot= 2.7140 grid=  52.9799 camRot= 1.2051 camPos=   61.29 hc=  24.55 fovBias= -1.1560 rms=1.0239 used=21807 rej=1518 iter=103 stop=cost move=[163.65/3.3347,136.19/2.7389,128.33/2.5177,134.04/2.6891,189.19/3.7052,166.21/3.8063] trueMove=[3.14/0.1001,2.24/0.0487,2.19/0.1410,2.55/0.0902,2.26/0.0981,3.27/0.0793] (16623ms)
173205  s09-long-throw       base           pos=   484.20 rot= 4.6294 grid=  20.7615 camRot= 0.3045 camPos=    5.92 hc=  14.93 fovBias= -1.3035 rms=1.1201 used=10803 rej=588 iter=151 stop=cost move=[0.00/0.0000,0.00/0.0000,0.00/0.0000] trueMove=[1.94/0.1215,2.29/0.1242,2.16/0.0719] (6512ms)
173205  s09-long-throw       time           pos=   148.50 rot= 0.4947 grid=   3.0845 camRot= 0.2123 camPos=    5.02 hc=   2.47 fovBias=  0.2305 rms=1.0831 used=10796 rej=595 iter=139 stop=cost move=[2.25/0.0214,6.85/0.1057,5.26/0.0811] trueMove=[1.94/0.1215,2.29/0.1242,2.16/0.0719] (10176ms)
173205  s09-long-throw       time-seq       pos=  1635.27 rot= 4.3821 grid=  39.0550 camRot= 1.0900 camPos=   54.87 hc=  79.99 fovBias= -2.4072 rms=1.1096 used=10777 rej=614 iter=290 stop=cost move=[160.92/3.3791,92.16/2.4608,118.34/3.6551] trueMove=[1.94/0.1215,2.29/0.1242,2.16/0.0719] (19152ms)
173205  s10-no-floor-reference base           pos=  1282.26 rot= 4.9939 grid=  15.5682 camRot= 0.2836 camPos=    8.73 hc=   7.04 fovBias= -2.8752 rms=1.1657 used=10349 rej=650 iter=156 stop=cost move=[0.00/0.0000,0.00/0.0000,0.00/0.0000] trueMove=[1.34/0.0573,2.17/0.0943,1.94/0.1390] (6580ms)
173205  s10-no-floor-reference time           pos=   145.62 rot= 0.1595 grid=   1.9521 camRot= 0.1769 camPos=    4.73 hc=   7.04 fovBias=  0.1478 rms=1.0473 used=10600 rej=399 iter=56 stop=cost move=[4.64/0.0676,3.36/0.0731,1.46/0.1356] trueMove=[1.34/0.0573,2.17/0.0943,1.94/0.1390] (8582ms)
173205  s10-no-floor-reference time-seq       pos=   547.36 rot= 4.7750 grid=  92.3431 camRot= 1.8250 camPos=   93.42 hc=   7.04 fovBias= -1.5038 rms=1.1104 used=10467 rej=532 iter=285 stop=maxIterations move=[234.58/6.4330,244.61/4.9094,197.60/6.8971] trueMove=[1.34/0.0573,2.17/0.0943,1.94/0.1390] (19985ms)
173205  s11-fov-held         base           pos=    55.41 rot= 3.1419 grid=  19.6288 camRot= 0.3187 camPos=   15.44 hc=   0.85 fovBias=  0.0837 rms=1.4658 used=7467 rej=431 iter=226 stop=maxIterations move=[0.00/0.0000,0.00/0.0000] trueMove=[2.09/0.0914,2.79/0.1469] (6269ms)
173205  s11-fov-held         time           pos=    25.46 rot= 0.3589 grid=   2.3212 camRot= 0.1481 camPos=    5.72 hc=   0.63 fovBias=  0.0837 rms=1.3642 used=7551 rej=347 iter=36 stop=cost move=[17.08/0.3308,4.33/0.1669] trueMove=[2.09/0.0914,2.79/0.1469] (3905ms)
173205  s11-fov-held         time-seq       pos=   111.94 rot= 2.0231 grid=  42.0239 camRot= 0.6253 camPos=   29.73 hc=  37.89 fovBias=  0.0837 rms=1.4006 used=7487 rej=411 iter=60 stop=cost move=[120.82/2.2461,183.09/3.5822] trueMove=[2.09/0.0914,2.79/0.1469] (6164ms)
314159  s00-clean            time-rot       pos=     2.78 rot= 0.0333 grid=   0.0405 camRot= 0.0333 camPos=    1.43 hc=   1.01 fovBias= -0.0000 rms=0.0001 used=12062 rej=0 iter=14 stop=step move=[0.00/0.0000,0.00/0.0000,0.00/0.0000] trueMove=[0.00/0.0000,0.00/0.0000,0.00/0.0000] (3460ms)
314159  s01-nominal          time-rot       pos=    30.01 rot= 0.0291 grid=   0.2319 camRot= 0.0135 camPos=    0.59 hc=   0.13 fovBias=  0.0865 rms=0.2740 used=12054 rej=133 iter=39 stop=cost move=[0.00/0.0018,0.00/0.0003,0.00/0.0007] trueMove=[0.00/0.0000,0.00/0.0000,0.00/0.0000] (4118ms)
314159  s02-sensor-noise     time-rot       pos=   189.50 rot= 0.1635 grid=   0.8158 camRot= 0.0435 camPos=    1.68 hc=   0.68 fovBias= -0.5323 rms=0.5703 used=11627 rej=138 iter=60 stop=lambda move=[0.00/0.0042,0.00/0.0012,0.00/0.0078] trueMove=[0.00/0.0000,0.00/0.0000,0.00/0.0000] (6031ms)
314159  s03-high-ambient     time-rot       pos=    21.42 rot= 0.0350 grid=   0.3140 camRot= 0.0336 camPos=    1.36 hc=   0.56 fovBias=  0.0456 rms=0.3450 used=11509 rej=117 iter=27 stop=cost move=[0.00/0.0013,0.00/0.0006,0.00/0.0014] trueMove=[0.00/0.0000,0.00/0.0000,0.00/0.0000] (2962ms)
314159  s04-handheld         time-rot       pos=    85.74 rot= 0.1610 grid=   5.6169 camRot= 0.1387 camPos=    5.76 hc=   3.39 fovBias=  0.1543 rms=0.9724 used=10578 rej=630 iter=18 stop=cost move=[0.00/0.0540,0.00/0.1278,0.00/0.0763] trueMove=[3.07/0.1113,0.94/0.1390,3.33/0.0861] (3414ms)
314159  s05-two-cameras      time-rot       pos=   412.95 rot= 5.0187 grid=  18.5983 camRot= 0.3013 camPos=   15.24 hc=   6.23 fovBias= -0.5978 rms=0.8029 used=7526 rej=819 iter=134 stop=cost move=[0.00/0.1087,0.00/0.1332] trueMove=[1.98/0.0987,1.82/0.1215] (6329ms)
314159  s06-six-cameras      time-rot       pos=    58.72 rot= 0.1667 grid=   1.9589 camRot= 0.3172 camPos=    8.34 hc=   0.97 fovBias=  0.1987 rms=0.9352 used=22135 rej=1208 iter=95 stop=cost move=[0.00/0.1508,0.00/0.0972,0.00/0.1217,0.00/0.0532,0.00/0.0459,0.00/0.0907] trueMove=[2.87/0.0967,1.42/0.1789,3.22/0.1184,0.68/0.0810,2.11/0.1090,2.14/0.1351] (12243ms)
314159  s09-long-throw       time-rot       pos=   109.17 rot= 0.1546 grid=   2.5385 camRot= 0.1979 camPos=    4.28 hc=   2.70 fovBias=  0.0567 rms=1.0655 used=11089 rej=505 iter=182 stop=cost move=[0.00/0.1273,0.00/0.1074,0.00/0.1405] trueMove=[2.98/0.1113,2.03/0.1386,2.29/0.0629] (11469ms)
314159  s10-no-floor-reference time-rot       pos=    17.31 rot= 0.2374 grid=   2.1620 camRot= 0.2079 camPos=    5.19 hc=   4.00 fovBias=  0.0797 rms=0.4177 used=10485 rej=521 iter=44 stop=cost move=[0.00/0.1237,0.00/0.0973,0.00/0.1249] trueMove=[3.35/0.1353,2.63/0.0339,2.99/0.1141] (3826ms)
314159  s11-fov-held         time-rot       pos=    34.72 rot= 0.8191 grid=   4.9963 camRot= 0.2024 camPos=   12.89 hc=   5.33 fovBias=  0.0326 rms=0.8143 used=7542 rej=803 iter=45 stop=cost move=[0.00/0.1087,0.00/0.1125] trueMove=[1.98/0.0987,1.82/0.1215] (3259ms)
271828  s00-clean            time-rot       pos=     1.80 rot= 0.0218 grid=   0.0465 camRot= 0.0218 camPos=    1.01 hc=   0.12 fovBias=  0.0000 rms=0.0001 used=12002 rej=0 iter=17 stop=step move=[0.00/0.0000,0.00/0.0000,0.00/0.0000] trueMove=[0.00/0.0000,0.00/0.0000,0.00/0.0000] (3642ms)
271828  s01-nominal          time-rot       pos=     9.72 rot= 0.0212 grid=   0.1419 camRot= 0.0176 camPos=    0.65 hc=   2.19 fovBias=  0.0043 rms=0.1391 used=11869 rej=136 iter=31 stop=cost move=[0.00/0.0013,0.00/0.0022,0.00/0.0008] trueMove=[0.00/0.0000,0.00/0.0000,0.00/0.0000] (3357ms)
271828  s02-sensor-noise     time-rot       pos=    86.07 rot= 0.1122 grid=   0.5972 camRot= 0.0600 camPos=    2.26 hc=   0.02 fovBias= -0.0428 rms=0.5482 used=11454 rej=167 iter=23 stop=cost move=[0.00/0.0015,0.00/0.0028,0.00/0.0066] trueMove=[0.00/0.0000,0.00/0.0000,0.00/0.0000] (2664ms)
271828  s03-high-ambient     time-rot       pos=    26.24 rot= 0.0539 grid=   0.5211 camRot= 0.0407 camPos=    1.68 hc=   1.87 fovBias=  0.0625 rms=0.3509 used=11616 rej=119 iter=24 stop=cost move=[0.00/0.0036,0.00/0.0005,0.00/0.0029] trueMove=[0.00/0.0000,0.00/0.0000,0.00/0.0000] (2701ms)
271828  s04-handheld         time-rot       pos=   246.42 rot= 1.2484 grid=   5.1254 camRot= 0.1850 camPos=    5.01 hc=   1.76 fovBias= -0.1245 rms=1.3847 used=11155 rej=372 iter=119 stop=cost move=[0.00/0.1828,0.00/0.0750,0.00/0.0982] trueMove=[3.45/0.1469,0.20/0.0834,2.45/0.0745] (7630ms)
271828  s05-two-cameras      time-rot       pos=   214.82 rot= 0.6461 grid=   6.8053 camRot= 0.1761 camPos=    3.87 hc=   2.77 fovBias= -0.4171 rms=0.9185 used=8138 rej=426 iter=87 stop=cost move=[0.00/0.1124,0.00/0.0955] trueMove=[2.39/0.1065,2.55/0.0877] (4929ms)
271828  s06-six-cameras      time-rot       pos=   119.56 rot= 0.3028 grid=   2.8013 camRot= 0.1838 camPos=    6.97 hc=   0.85 fovBias= -0.2592 rms=0.5903 used=22157 rej=1509 iter=42 stop=cost move=[0.00/0.0675,0.00/0.1010,0.00/0.0982,0.00/0.1140,0.00/0.1161,0.00/0.0695] trueMove=[3.53/0.1245,2.67/0.0688,2.57/0.0759,2.12/0.1055,3.16/0.0413,3.60/0.1420] (6467ms)
271828  s09-long-throw       time-rot       pos=   306.97 rot= 2.4789 grid=   2.3493 camRot= 0.2089 camPos=    7.66 hc=   6.23 fovBias= -0.1431 rms=0.9906 used=10863 rej=549 iter=209 stop=cost move=[0.00/0.0465,0.00/0.0844,0.00/0.1004] trueMove=[2.23/0.1194,1.30/0.0846,1.73/0.1132] (11309ms)
271828  s10-no-floor-reference time-rot       pos=   105.22 rot= 0.2869 grid=   2.8147 camRot= 0.2191 camPos=    5.00 hc=  23.75 fovBias=  0.2702 rms=0.8999 used=10773 rej=470 iter=332 stop=cost move=[0.00/0.1114,0.00/0.0602,0.00/0.1100] trueMove=[3.42/0.0781,0.96/0.1226,2.14/0.0404] (16744ms)
271828  s11-fov-held         time-rot       pos=    24.89 rot= 0.6489 grid=   7.3680 camRot= 0.1828 camPos=    4.16 hc=   2.10 fovBias= -0.0769 rms=0.9187 used=8137 rej=427 iter=35 stop=cost move=[0.00/0.1112,0.00/0.0966] trueMove=[2.39/0.1065,2.55/0.0877] (2704ms)
161803  s00-clean            time-rot       pos=     2.38 rot= 0.0268 grid=   0.0393 camRot= 0.0268 camPos=    1.12 hc=   1.23 fovBias=  0.0001 rms=0.0001 used=12282 rej=0 iter=16 stop=step move=[0.00/0.0000,0.00/0.0000,0.00/0.0000] trueMove=[0.00/0.0000,0.00/0.0000,0.00/0.0000] (3621ms)
161803  s01-nominal          time-rot       pos=    32.99 rot= 0.0202 grid=   0.3645 camRot= 0.0093 camPos=    0.36 hc=   2.65 fovBias= -0.0893 rms=0.2756 used=12039 rej=143 iter=33 stop=cost move=[0.00/0.0003,0.00/0.0007,0.00/0.0013] trueMove=[0.00/0.0000,0.00/0.0000,0.00/0.0000] (3888ms)
161803  s02-sensor-noise     time-rot       pos=    54.51 rot= 0.0436 grid=   0.2690 camRot= 0.0205 camPos=    1.03 hc=   0.64 fovBias= -0.0379 rms=0.5640 used=11638 rej=143 iter=34 stop=cost move=[0.00/0.0038,0.00/0.0005,0.00/0.0009] trueMove=[0.00/0.0000,0.00/0.0000,0.00/0.0000] (3365ms)
161803  s03-high-ambient     time-rot       pos=    40.47 rot= 0.0658 grid=   0.1835 camRot= 0.0338 camPos=    1.46 hc=   0.00 fovBias= -0.0840 rms=0.3489 used=11724 rej=124 iter=22 stop=cost move=[0.00/0.0024,0.00/0.0010,0.00/0.0012] trueMove=[0.00/0.0000,0.00/0.0000,0.00/0.0000] (2821ms)
161803  s04-handheld         time-rot       pos=   330.27 rot= 0.9833 grid=   2.2217 camRot= 0.1453 camPos=    4.58 hc=   1.10 fovBias= -0.6851 rms=0.9102 used=10376 rej=721 iter=66 stop=cost move=[0.00/0.1118,0.00/0.1093,0.00/0.0887] trueMove=[1.06/0.0703,2.26/0.0918,3.07/0.0893] (5097ms)
161803  s05-two-cameras      time-rot       pos=   437.02 rot= 2.7064 grid=   6.5738 camRot= 0.2563 camPos=    5.61 hc=   2.28 fovBias= -0.6963 rms=0.8655 used=7735 rej=660 iter=181 stop=cost move=[0.00/0.0748,0.00/0.0717] trueMove=[2.36/0.1358,2.32/0.0593] (9514ms)
161803  s06-six-cameras      time-rot       pos=    59.07 rot= 0.5472 grid=   4.8542 camRot= 0.2299 camPos=    6.37 hc=   0.99 fovBias= -0.1468 rms=0.9298 used=22167 rej=1274 iter=74 stop=cost move=[0.00/0.0507,0.00/0.1037,0.00/0.1460,0.00/0.1490,0.00/0.0979,0.00/0.0572] trueMove=[2.74/0.0925,2.19/0.1630,2.95/0.1433,2.22/0.1367,3.87/0.1070,2.98/0.0621] (9462ms)
161803  s09-long-throw       time-rot       pos=   143.67 rot= 0.3830 grid=   4.4761 camRot= 0.1314 camPos=    5.38 hc=   2.45 fovBias= -0.0896 rms=0.7131 used=10476 rej=821 iter=130 stop=cost move=[0.00/0.1028,0.00/0.1062,0.00/0.1498] trueMove=[0.91/0.1003,2.11/0.0591,2.10/0.1360] (8548ms)
161803  s10-no-floor-reference time-rot       pos=   148.97 rot= 0.4842 grid=   4.4594 camRot= 0.1513 camPos=    9.01 hc=  17.53 fovBias= -0.1256 rms=0.9173 used=10603 rej=793 iter=50 stop=cost move=[0.00/0.0343,0.00/0.0886,0.00/0.0259] trueMove=[1.22/0.0366,3.03/0.1286,2.10/0.0261] (4282ms)
161803  s11-fov-held         time-rot       pos=    50.52 rot= 0.3538 grid=   8.0538 camRot= 0.2047 camPos=    4.73 hc=   0.72 fovBias=  0.1363 rms=0.8668 used=7746 rej=649 iter=45 stop=cost move=[0.00/0.0833,0.00/0.0601] trueMove=[2.36/0.1358,2.32/0.0593] (4675ms)
141421  s00-clean            time-rot       pos=     3.69 rot= 0.0567 grid=   0.0492 camRot= 0.0567 camPos=    2.41 hc=   1.96 fovBias= -0.0000 rms=0.0001 used=11681 rej=0 iter=19 stop=step move=[0.00/0.0000,0.00/0.0000,0.00/0.0000] trueMove=[0.00/0.0000,0.00/0.0000,0.00/0.0000] (4773ms)
141421  s01-nominal          time-rot       pos=    43.55 rot= 0.0298 grid=   0.1866 camRot= 0.0163 camPos=    0.71 hc=   1.36 fovBias= -0.1422 rms=0.2759 used=11933 rej=138 iter=35 stop=cost move=[0.00/0.0004,0.00/0.0024,0.00/0.0007] trueMove=[0.00/0.0000,0.00/0.0000,0.00/0.0000] (3616ms)
141421  s02-sensor-noise     time-rot       pos=    57.96 rot= 0.0684 grid=   0.2172 camRot= 0.0092 camPos=    0.36 hc=   3.18 fovBias= -0.0422 rms=0.5599 used=11631 rej=133 iter=39 stop=cost move=[0.00/0.0024,0.00/0.0001,0.00/0.0035] trueMove=[0.00/0.0000,0.00/0.0000,0.00/0.0000] (3438ms)
141421  s03-high-ambient     time-rot       pos=    23.71 rot= 0.0419 grid=   0.3362 camRot= 0.0262 camPos=    0.96 hc=   0.77 fovBias=  0.1131 rms=0.3511 used=11641 rej=129 iter=40 stop=cost move=[0.00/0.0021,0.00/0.0002,0.00/0.0004] trueMove=[0.00/0.0000,0.00/0.0000,0.00/0.0000] (3558ms)
141421  s04-handheld         time-rot       pos=    85.31 rot= 0.3841 grid=   3.5158 camRot= 0.1921 camPos=    5.54 hc=   0.47 fovBias=  0.0602 rms=1.1096 used=10522 rej=486 iter=70 stop=cost move=[0.00/0.0421,0.00/0.0708,0.00/0.1340] trueMove=[1.98/0.1174,3.69/0.1093,2.14/0.1226] (5958ms)
141421  s05-two-cameras      time-rot       pos=   236.95 rot= 1.5142 grid=   7.8932 camRot= 0.2279 camPos=    5.43 hc=   2.65 fovBias= -0.5833 rms=0.8818 used=8417 rej=459 iter=102 stop=cost move=[0.00/0.1431,0.00/0.0448] trueMove=[1.27/0.1216,3.17/0.0977] (5923ms)
141421  s06-six-cameras      time-rot       pos=    77.39 rot= 0.2978 grid=   4.7576 camRot= 0.2033 camPos=    7.01 hc=   0.33 fovBias= -0.3367 rms=0.9271 used=22075 rej=1611 iter=223 stop=maxIterations move=[0.00/0.0916,0.00/0.1174,0.00/0.0828,0.00/0.0608,0.00/0.1370,0.00/0.1134] trueMove=[2.68/0.0461,2.96/0.1338,2.07/0.0719,1.77/0.1389,2.71/0.1076,2.49/0.0979] (25654ms)
141421  s09-long-throw       time-rot       pos=   267.20 rot= 0.4113 grid=   2.0231 camRot= 0.1761 camPos=    6.48 hc=   0.87 fovBias= -0.4832 rms=0.8995 used=10685 rej=885 iter=129 stop=cost move=[0.00/0.0827,0.00/0.1441,0.00/0.0791] trueMove=[0.79/0.1297,1.86/0.1610,0.67/0.1146] (9518ms)
141421  s10-no-floor-reference time-rot       pos=   157.35 rot= 0.9408 grid=   8.5221 camRot= 0.2080 camPos=    3.61 hc=   8.47 fovBias= -0.3943 rms=0.7806 used=10691 rej=921 iter=61 stop=cost move=[0.00/0.0557,0.00/0.0159,0.00/0.0801] trueMove=[2.21/0.1144,2.27/0.1013,2.41/0.1535] (5289ms)
141421  s11-fov-held         time-rot       pos=    67.84 rot= 0.4763 grid=   9.6881 camRot= 0.2108 camPos=    4.63 hc=   0.25 fovBias=  0.3466 rms=0.8832 used=8416 rej=460 iter=36 stop=cost move=[0.00/0.1466,0.00/0.0450] trueMove=[1.27/0.1216,3.17/0.0977] (3557ms)
173205  s00-clean            time-rot       pos=     0.42 rot= 0.0056 grid=   0.0647 camRot= 0.0056 camPos=    0.25 hc=   2.24 fovBias=  0.0000 rms=0.0001 used=11585 rej=0 iter=11 stop=step move=[0.00/0.0000,0.00/0.0000,0.00/0.0000] trueMove=[0.00/0.0000,0.00/0.0000,0.00/0.0000] (3260ms)
173205  s01-nominal          time-rot       pos=    18.79 rot= 0.0390 grid=   0.1130 camRot= 0.0385 camPos=    1.36 hc=   1.21 fovBias= -0.0032 rms=0.1402 used=11725 rej=137 iter=29 stop=cost move=[0.00/0.0013,0.00/0.0003,0.00/0.0005] trueMove=[0.00/0.0000,0.00/0.0000,0.00/0.0000] (3563ms)
173205  s02-sensor-noise     time-rot       pos=    59.80 rot= 0.1916 grid=   0.6331 camRot= 0.0535 camPos=    2.33 hc=   1.32 fovBias=  0.2760 rms=0.5710 used=11899 rej=133 iter=400 stop=maxIterations move=[0.00/0.0045,0.00/0.0006,0.00/0.0008] trueMove=[0.00/0.0000,0.00/0.0000,0.00/0.0000] (22787ms)
173205  s03-high-ambient     time-rot       pos=    35.40 rot= 0.0639 grid=   0.3624 camRot= 0.0277 camPos=    1.16 hc=   0.96 fovBias=  0.0554 rms=0.3451 used=11554 rej=133 iter=35 stop=cost move=[0.00/0.0003,0.00/0.0030,0.00/0.0013] trueMove=[0.00/0.0000,0.00/0.0000,0.00/0.0000] (3238ms)
173205  s04-handheld         time-rot       pos=    65.21 rot= 0.1768 grid=   3.5433 camRot= 0.2104 camPos=    5.67 hc=   2.12 fovBias= -0.2387 rms=0.8444 used=10733 rej=833 iter=54 stop=cost move=[0.00/0.0563,0.00/0.1031,0.00/0.0959] trueMove=[2.39/0.0817,2.22/0.0970,2.09/0.0975] (4730ms)
173205  s05-two-cameras      time-rot       pos=   225.10 rot= 0.3153 grid=   5.1778 camRot= 0.0968 camPos=    5.13 hc=   0.67 fovBias=  0.6096 rms=1.3590 used=7548 rej=350 iter=89 stop=cost move=[0.00/0.1067,0.00/0.1107] trueMove=[2.09/0.0914,2.79/0.1469] (5009ms)
173205  s06-six-cameras      time-rot       pos=    84.86 rot= 0.2211 grid=   5.4353 camRot= 0.3416 camPos=    6.53 hc=   0.06 fovBias= -0.2169 rms=0.9666 used=22008 rej=1317 iter=34 stop=cost move=[0.00/0.1006,0.00/0.0729,0.00/0.0797,0.00/0.1597,0.00/0.1090,0.00/0.0918] trueMove=[3.14/0.1001,2.24/0.0487,2.19/0.1410,2.55/0.0902,2.26/0.0981,3.27/0.0793] (5187ms)
173205  s09-long-throw       time-rot       pos=   125.46 rot= 0.4465 grid=   4.6466 camRot= 0.2374 camPos=    3.62 hc=   2.56 fovBias=  0.2427 rms=1.0930 used=10807 rej=584 iter=191 stop=cost move=[0.00/0.0677,0.00/0.0921,0.00/0.0699] trueMove=[1.94/0.1215,2.29/0.1242,2.16/0.0719] (11958ms)
173205  s10-no-floor-reference time-rot       pos=   128.29 rot= 0.2888 grid=   9.0067 camRot= 0.1651 camPos=    4.40 hc=   7.04 fovBias=  0.3344 rms=1.0522 used=10602 rej=397 iter=81 stop=cost move=[0.00/0.1033,0.00/0.0986,0.00/0.1589] trueMove=[1.34/0.0573,2.17/0.0943,1.94/0.1390] (6224ms)
173205  s11-fov-held         time-rot       pos=    25.12 rot= 0.4086 grid=   5.6488 camRot= 0.1049 camPos=    5.34 hc=   0.32 fovBias=  0.0837 rms=1.3612 used=7551 rej=347 iter=37 stop=cost move=[0.00/0.1071,0.00/0.1114] trueMove=[2.09/0.0914,2.79/0.1469] (3071ms)
314159  s07-three-projectors base           pos=   373.73 rot= 4.2575 grid=  15.0484 camRot= 0.5057 camPos=   16.70 hc=  15.33 fovBias= -1.6480 rms=0.9211 used=8435 rej=679 iter=228 stop=cost move=[0.00/0.0000,0.00/0.0000,0.00/0.0000,0.00/0.0000] trueMove=[1.83/0.1073,2.08/0.1096,2.13/0.0862,2.80/0.1266] (8841ms)
314159  s07-three-projectors time-rot       pos=    54.27 rot= 0.3673 grid=   3.3409 camRot= 0.2132 camPos=    9.07 hc=   7.34 fovBias= -0.0451 rms=0.8279 used=8468 rej=646 iter=64 stop=cost move=[0.00/0.0776,0.00/0.0880,0.00/0.0989,0.00/0.1341] trueMove=[1.83/0.1073,2.08/0.1096,2.13/0.0862,2.80/0.1266] (5118ms)
314159  s08-two-projectors   base           pos=   132.95 rot= 2.4366 grid=      NaN camRot= 2.3515 camPos=  103.71 hc=  97.20 fovBias=  0.4407 rms=0.9018 used=5782 rej=230 iter=64 stop=cost move=[0.00/0.0000,0.00/0.0000,0.00/0.0000,0.00/0.0000] trueMove=[2.35/0.1243,2.34/0.0441,2.38/0.1084,2.27/0.1358] (3111ms)
314159  s08-two-projectors   time-rot       pos=    55.35 rot= 8.8766 grid=      NaN camRot= 9.0928 camPos=  327.33 hc=  16.67 fovBias= -0.2356 rms=0.8760 used=5812 rej=200 iter=60 stop=cost move=[0.00/0.1169,0.00/0.1205,0.00/0.1465,0.00/0.1847] trueMove=[2.35/0.1243,2.34/0.0441,2.38/0.1084,2.27/0.1358] (5108ms)
271828  s07-three-projectors base           pos=   409.56 rot= 4.7430 grid=   9.5221 camRot= 0.2179 camPos=    8.88 hc=  17.58 fovBias= -2.5689 rms=0.9120 used=8486 rej=601 iter=92 stop=cost move=[0.00/0.0000,0.00/0.0000,0.00/0.0000,0.00/0.0000] trueMove=[3.15/0.1524,2.15/0.1569,1.77/0.1453,2.16/0.0808] (4081ms)
271828  s07-three-projectors time-rot       pos=   100.90 rot= 0.1957 grid=   2.7318 camRot= 0.1833 camPos=    5.51 hc=   2.37 fovBias=  0.0729 rms=0.8794 used=8503 rej=584 iter=75 stop=cost move=[0.00/0.1089,0.00/0.1171,0.00/0.1079,0.00/0.0834] trueMove=[3.15/0.1524,2.15/0.1569,1.77/0.1453,2.16/0.0808] (5712ms)
271828  s08-two-projectors   base           pos=   396.04 rot= 8.8563 grid=      NaN camRot= 7.6342 camPos=  273.46 hc=  46.51 fovBias= -2.6499 rms=0.9279 used=5607 rej=394 iter=96 stop=cost move=[0.00/0.0000,0.00/0.0000,0.00/0.0000,0.00/0.0000] trueMove=[2.24/0.0627,2.25/0.0967,2.59/0.1400,3.01/0.1232] (2839ms)
271828  s08-two-projectors   time-rot       pos=   329.74 rot= 6.5559 grid=      NaN camRot= 6.7134 camPos=  232.89 hc=  18.69 fovBias= -1.3632 rms=0.9033 used=5626 rej=375 iter=106 stop=cost move=[0.00/0.0282,0.00/0.0983,0.00/0.0968,0.00/0.1591] trueMove=[2.24/0.0627,2.25/0.0967,2.59/0.1400,3.01/0.1232] (5271ms)
161803  s07-three-projectors base           pos=   353.14 rot= 2.8422 grid=   7.8685 camRot= 0.4598 camPos=   12.48 hc=   6.41 fovBias= -1.4967 rms=1.0391 used=8339 rej=702 iter=97 stop=cost move=[0.00/0.0000,0.00/0.0000,0.00/0.0000,0.00/0.0000] trueMove=[2.48/0.0667,2.09/0.0474,2.41/0.1180,1.61/0.0599] (4857ms)
161803  s07-three-projectors time-rot       pos=    82.28 rot= 0.7343 grid=   4.5823 camRot= 0.2703 camPos=    4.82 hc=   2.46 fovBias= -0.2271 rms=1.0090 used=8329 rej=712 iter=71 stop=cost move=[0.00/0.0926,0.00/0.1057,0.00/0.0924,0.00/0.0822] trueMove=[2.48/0.0667,2.09/0.0474,2.41/0.1180,1.61/0.0599] (5687ms)
161803  s08-two-projectors   base           pos=   503.94 rot= 5.6618 grid=      NaN camRot= 5.6304 camPos=  158.88 hc=  16.91 fovBias= -1.8644 rms=0.7080 used=5549 rej=451 iter=82 stop=cost move=[0.00/0.0000,0.00/0.0000,0.00/0.0000,0.00/0.0000] trueMove=[2.67/0.0711,3.21/0.0717,3.30/0.1224,2.59/0.1046] (2185ms)
161803  s08-two-projectors   time-rot       pos=   243.59 rot= 4.2358 grid=      NaN camRot= 4.3269 camPos=  118.51 hc=  42.92 fovBias= -0.9215 rms=0.6943 used=5548 rej=452 iter=400 stop=maxIterations move=[0.00/0.1582,0.00/0.1841,0.00/0.4394,0.00/0.0837] trueMove=[2.67/0.0711,3.21/0.0717,3.30/0.1224,2.59/0.1046] (10878ms)
141421  s07-three-projectors base           pos=   379.95 rot= 2.5749 grid=   9.5104 camRot= 0.2700 camPos=    8.26 hc=   3.81 fovBias= -0.7936 rms=0.7760 used=8552 rej=575 iter=89 stop=cost move=[0.00/0.0000,0.00/0.0000,0.00/0.0000,0.00/0.0000] trueMove=[2.87/0.0576,1.66/0.0780,2.64/0.1042,1.06/0.1286] (3210ms)
141421  s07-three-projectors time-rot       pos=    46.20 rot= 0.5508 grid=   5.2834 camRot= 0.2354 camPos=    7.53 hc=   5.91 fovBias= -0.0517 rms=0.7693 used=8648 rej=479 iter=47 stop=cost move=[0.00/0.0971,0.00/0.0516,0.00/0.0786,0.00/0.0361] trueMove=[2.87/0.0576,1.66/0.0780,2.64/0.1042,1.06/0.1286] (3434ms)
141421  s08-two-projectors   base           pos=   328.82 rot= 3.4894 grid=      NaN camRot= 3.3798 camPos=  113.18 hc=  38.57 fovBias= -1.2203 rms=0.6292 used=5647 rej=360 iter=162 stop=cost move=[0.00/0.0000,0.00/0.0000,0.00/0.0000,0.00/0.0000] trueMove=[2.68/0.1224,2.34/0.0625,3.48/0.1076,2.70/0.0784] (3684ms)
141421  s08-two-projectors   time-rot       pos=    77.81 rot= 4.2046 grid=      NaN camRot= 4.1501 camPos=  149.88 hc=  31.41 fovBias= -0.4673 rms=0.6184 used=5673 rej=334 iter=123 stop=cost move=[0.00/0.1414,0.00/0.0513,0.00/0.1631,0.00/0.1007] trueMove=[2.68/0.1224,2.34/0.0625,3.48/0.1076,2.70/0.0784] (5889ms)
173205  s07-three-projectors base           pos=    42.38 rot= 0.4749 grid=   9.6138 camRot= 0.3778 camPos=    8.80 hc=   2.78 fovBias=  0.1718 rms=0.8119 used=8611 rej=432 iter=56 stop=cost move=[0.00/0.0000,0.00/0.0000,0.00/0.0000,0.00/0.0000] trueMove=[3.34/0.1530,1.96/0.0778,2.37/0.0966,3.36/0.1315] (2228ms)
173205  s07-three-projectors time-rot       pos=    34.28 rot= 0.3690 grid=   8.7083 camRot= 0.2508 camPos=    5.96 hc=   0.12 fovBias= -0.1248 rms=0.7905 used=8680 rej=363 iter=45 stop=cost move=[0.00/0.0862,0.00/0.0836,0.00/0.1222,0.00/0.0746] trueMove=[3.34/0.1530,1.96/0.0778,2.37/0.0966,3.36/0.1315] (3097ms)
173205  s08-two-projectors   base           pos=   502.19 rot= 5.0517 grid=      NaN camRot= 3.1938 camPos=   99.19 hc=  41.68 fovBias= -2.7874 rms=1.2807 used=5699 rej=302 iter=95 stop=cost move=[0.00/0.0000,0.00/0.0000,0.00/0.0000,0.00/0.0000] trueMove=[2.58/0.1924,3.26/0.1352,3.62/0.1712,3.38/0.0921] (2373ms)
173205  s08-two-projectors   time-rot       pos=   114.30 rot= 1.9202 grid=      NaN camRot= 2.2077 camPos=   74.62 hc=  11.33 fovBias= -0.3048 rms=1.2125 used=5721 rej=280 iter=89 stop=cost move=[0.00/0.1877,0.00/0.2974,0.00/0.2119,0.00/0.1506] trueMove=[2.58/0.1924,3.26/0.1352,3.62/0.1712,3.38/0.0921] (3729ms)
