s01-nominal              noiseBins=16  varComp=on   pos=     1.65  rot=  0.0154  dFov=  0.0090  rms=0.123  used=157013  rej=1722  camScale=[1.00,1.00,1.00]
s01-nominal              noiseBins=16  varComp=off  pos=     1.65  rot=  0.0154  dFov=  0.0090  rms=0.123  used=157013  rej=1722  camScale=[1.00,1.00,1.00]
s01-nominal              noiseBins= 0  varComp=on   pos=     6.20  rot=  0.0192  dFov=  0.0447  rms=0.117  used=131829  rej=26906  camScale=[1.66,1.65,1.67]
s01-nominal              noiseBins= 0  varComp=off  pos=     5.85  rot=  0.0196  dFov=  0.0420  rms=0.117  used=131816  rej=26919  camScale=[1.00,1.00,1.00]
s03-high-ambient         noiseBins=16  varComp=on   pos=    12.12  rot=  0.0144  dFov=  0.0872  rms=0.304  used=97483  rej=1034  camScale=[1.01,1.00,1.01]
s03-high-ambient         noiseBins=16  varComp=off  pos=    12.01  rot=  0.0145  dFov=  0.0864  rms=0.304  used=97448  rej=1069  camScale=[1.00,1.00,1.00]
s03-high-ambient         noiseBins= 0  varComp=on   pos=    19.99  rot=  0.0159  dFov=  0.1437  rms=0.291  used=78232  rej=20285  camScale=[1.80,1.79,1.82]
s03-high-ambient         noiseBins= 0  varComp=off  pos=    21.11  rot=  0.0153  dFov=  0.1516  rms=0.291  used=78223  rej=20294  camScale=[1.00,1.00,1.00]
s04-handheld             noiseBins=16  varComp=on   pos=   227.25  rot=  0.9876  dFov=  1.6043  rms=0.770  used=103373  rej=8402  camScale=[1.00,1.33,1.62]
s04-handheld             noiseBins=16  varComp=off  pos=   111.12  rot=  1.0756  dFov=  0.8019  rms=0.696  used=100003  rej=11772  camScale=[1.00,1.00,1.00]
s04-handheld             noiseBins= 0  varComp=on   pos=   152.79  rot=  1.2998  dFov=  1.0843  rms=1.160  used=89777  rej=21998  camScale=[1.34,2.88,2.81]
s04-handheld             noiseBins= 0  varComp=off  pos=   151.26  rot=  1.2637  dFov=  1.0736  rms=1.103  used=89501  rej=22274  camScale=[1.00,1.00,1.00]
s01-nominal              noiseBins=16  varComp=on   pos=     8.25  rot=  0.0518  dFov=  0.0544  rms=0.244  used=105820  rej=1172  camScale=[1.00,1.00,1.00]
s01-nominal              noiseBins=16  varComp=off  pos=     8.25  rot=  0.0518  dFov=  0.0544  rms=0.244  used=105820  rej=1172  camScale=[1.00,1.00,1.00]
s01-nominal              noiseBins= 0  varComp=on   pos=    12.80  rot=  0.0568  dFov=  0.0899  rms=0.236  used=85839  rej=21153  camScale=[1.73,1.73,1.75]
s01-nominal              noiseBins= 0  varComp=off  pos=    12.62  rot=  0.0563  dFov=  0.0886  rms=0.236  used=85820  rej=21172  camScale=[1.00,1.00,1.00]
s03-high-ambient         noiseBins=16  varComp=on   pos=    17.22  rot=  0.0168  dFov=  0.1271  rms=0.302  used=95854  rej=1128  camScale=[1.00,1.00,1.00]
s03-high-ambient         noiseBins=16  varComp=off  pos=    17.05  rot=  0.0169  dFov=  0.1259  rms=0.302  used=95848  rej=1134  camScale=[1.00,1.00,1.00]
s03-high-ambient         noiseBins= 0  varComp=on   pos=    17.51  rot=  0.0239  dFov=  0.1330  rms=0.289  used=77242  rej=19740  camScale=[1.79,1.79,1.79]
s03-high-ambient         noiseBins= 0  varComp=off  pos=    17.43  rot=  0.0243  dFov=  0.1320  rms=0.289  used=77238  rej=19744  camScale=[1.00,1.00,1.00]
s04-handheld             noiseBins=16  varComp=on   pos=   262.53  rot=  1.8703  dFov=  1.8462  rms=0.876  used=65458  rej=3837  camScale=[1.00,1.37,1.67]
s04-handheld             noiseBins=16  varComp=off  pos=   272.14  rot=  2.4830  dFov=  1.9181  rms=0.828  used=63965  rej=5330  camScale=[1.00,1.00,1.00]
s04-handheld             noiseBins= 0  varComp=on   pos=   228.32  rot=  2.4207  dFov=  1.6742  rms=1.238  used=58044  rej=11251  camScale=[1.60,2.69,3.25]
s04-handheld             noiseBins= 0  varComp=off  pos=   233.55  rot=  2.4453  dFov=  1.6766  rms=1.232  used=57757  rej=11538  camScale=[1.00,1.00,1.00]
s01-nominal              noiseBins=16  varComp=on   pos=    21.04  rot=  0.0391  dFov=  0.1566  rms=0.246  used=102065  rej=1157  camScale=[1.00,1.00,1.00]
s01-nominal              noiseBins=16  varComp=off  pos=    21.05  rot=  0.0392  dFov=  0.1567  rms=0.246  used=102065  rej=1157  camScale=[1.00,1.00,1.00]
s01-nominal              noiseBins= 0  varComp=on   pos=    37.70  rot=  0.0587  dFov=  0.2818  rms=0.238  used=82783  rej=20439  camScale=[1.73,1.74,1.76]
s01-nominal              noiseBins= 0  varComp=off  pos=    36.75  rot=  0.0564  dFov=  0.2747  rms=0.238  used=82788  rej=20434  camScale=[1.00,1.00,1.00]
s03-high-ambient         noiseBins=16  varComp=on   pos=    19.93  rot=  0.0414  dFov=  0.1434  rms=0.303  used=129151  rej=1437  camScale=[1.01,1.00,1.00]
s03-high-ambient         noiseBins=16  varComp=off  pos=    19.83  rot=  0.0413  dFov=  0.1426  rms=0.302  used=129110  rej=1478  camScale=[1.00,1.00,1.00]
s03-high-ambient         noiseBins= 0  varComp=on   pos=    32.47  rot=  0.0430  dFov=  0.2373  rms=0.290  used=103784  rej=26804  camScale=[1.82,1.79,1.78]
s03-high-ambient         noiseBins= 0  varComp=off  pos=    32.47  rot=  0.0430  dFov=  0.2373  rms=0.290  used=103759  rej=26829  camScale=[1.00,1.00,1.00]
s04-handheld             noiseBins=16  varComp=on   pos=   254.26  rot=  3.7296  dFov=  1.8446  rms=0.768  used=88077  rej=5256  camScale=[1.49,1.00,1.08]
s04-handheld             noiseBins=16  varComp=off  pos=   246.71  rot=  3.4788  dFov=  1.7910  rms=0.703  used=85910  rej=7423  camScale=[1.00,1.00,1.00]
s04-handheld             noiseBins= 0  varComp=on   pos=    74.45  rot=  0.8785  dFov=  0.6132  rms=0.947  used=74723  rej=18610  camScale=[2.60,1.06,2.32]
s04-handheld             noiseBins= 0  varComp=off  pos=    78.78  rot=  0.8561  dFov=  0.5145  rms=0.928  used=74141  rej=19192  camScale=[1.00,1.00,1.00]
s01-nominal              noiseBins=16  varComp=on   pos=    12.21  rot=  0.0276  dFov=  0.0872  rms=0.244  used=102050  rej=1156  camScale=[1.00,1.00,1.01]
s01-nominal              noiseBins=16  varComp=off  pos=    12.17  rot=  0.0274  dFov=  0.0870  rms=0.244  used=102055  rej=1151  camScale=[1.00,1.00,1.00]
s01-nominal              noiseBins= 0  varComp=on   pos=    11.48  rot=  0.0214  dFov=  0.0834  rms=0.237  used=82585  rej=20621  camScale=[1.75,1.74,1.75]
s01-nominal              noiseBins= 0  varComp=off  pos=     9.89  rot=  0.0216  dFov=  0.0714  rms=0.237  used=82574  rej=20632  camScale=[1.00,1.00,1.00]
s03-high-ambient         noiseBins=16  varComp=on   pos=     4.87  rot=  0.0241  dFov=  0.0352  rms=0.153  used=158616  rej=1781  camScale=[1.00,1.01,1.01]
s03-high-ambient         noiseBins=16  varComp=off  pos=     4.82  rot=  0.0242  dFov=  0.0348  rms=0.153  used=158628  rej=1769  camScale=[1.00,1.00,1.00]
s03-high-ambient         noiseBins= 0  varComp=on   pos=     9.38  rot=  0.0302  dFov=  0.0683  rms=0.145  used=131437  rej=28960  camScale=[1.74,1.74,1.76]
s03-high-ambient         noiseBins= 0  varComp=off  pos=     9.63  rot=  0.0302  dFov=  0.0704  rms=0.145  used=131461  rej=28936  camScale=[1.00,1.00,1.00]
s04-handheld             noiseBins=16  varComp=on   pos=    60.09  rot=  0.5568  dFov=  0.4857  rms=1.007  used=81209  rej=3863  camScale=[1.12,1.77,1.84]
s04-handheld             noiseBins=16  varComp=off  pos=    64.49  rot=  0.5647  dFov=  0.5111  rms=0.990  used=82072  rej=3000  camScale=[1.00,1.00,1.00]
s04-handheld             noiseBins= 0  varComp=on   pos=    83.58  rot=  0.5542  dFov=  0.5812  rms=1.227  used=69820  rej=15252  camScale=[1.87,4.16,2.72]
s04-handheld             noiseBins= 0  varComp=off  pos=    84.20  rot=  0.5787  dFov=  0.5877  rms=1.157  used=68441  rej=16631  camScale=[1.00,1.00,1.00]
s01-nominal              noiseBins=16  varComp=on   pos=     3.94  rot=  0.0281  dFov=  0.0259  rms=0.248  used=122566  rej=1401  camScale=[1.00,1.01,1.01]
s01-nominal              noiseBins=16  varComp=off  pos=     3.95  rot=  0.0280  dFov=  0.0257  rms=0.248  used=122559  rej=1408  camScale=[1.00,1.00,1.00]
s01-nominal              noiseBins= 0  varComp=on   pos=    20.54  rot=  0.0369  dFov=  0.1576  rms=0.240  used=99397  rej=24570  camScale=[1.74,1.75,1.75]
s01-nominal              noiseBins= 0  varComp=off  pos=    18.76  rot=  0.0348  dFov=  0.1443  rms=0.240  used=99380  rej=24587  camScale=[1.00,1.00,1.00]
s03-high-ambient         noiseBins=16  varComp=on   pos=     7.64  rot=  0.0222  dFov=  0.0548  rms=0.300  used=133842  rej=1591  camScale=[1.00,1.00,1.01]
s03-high-ambient         noiseBins=16  varComp=off  pos=     7.49  rot=  0.0222  dFov=  0.0536  rms=0.300  used=133807  rej=1626  camScale=[1.00,1.00,1.00]
s03-high-ambient         noiseBins= 0  varComp=on   pos=    12.66  rot=  0.0289  dFov=  0.0944  rms=0.288  used=107600  rej=27833  camScale=[1.78,1.80,1.79]
s03-high-ambient         noiseBins= 0  varComp=off  pos=    13.57  rot=  0.0302  dFov=  0.0989  rms=0.288  used=107589  rej=27844  camScale=[1.00,1.00,1.00]
s04-handheld             noiseBins=16  varComp=on   pos=   409.59  rot=  3.9292  dFov=  2.7817  rms=0.636  used=95790  rej=10579  camScale=[1.03,1.16,1.00]
s04-handheld             noiseBins=16  varComp=off  pos=   408.27  rot=  3.9475  dFov=  2.7724  rms=0.615  used=94098  rej=12271  camScale=[1.00,1.00,1.00]
s04-handheld             noiseBins= 0  varComp=on   pos=   372.61  rot=  4.8991  dFov=  2.6060  rms=1.025  used=84156  rej=22213  camScale=[3.03,2.18,1.80]
s04-handheld             noiseBins= 0  varComp=off  pos=   374.82  rot=  4.8965  dFov=  2.6242  rms=0.991  used=83397  rej=22972  camScale=[1.00,1.00,1.00]
