110471  s01-nominal          fov-free       pos=    19.61 rot= 0.0442 grid=   0.1552 fovBias=  0.0302 fovSpr= 0.0929 sprRec= 0.2201 sprTru= 0.1329 dFov=[-0.068,0.099,-0.055,0.144] rms=0.274 used=11788 rej=98 camScale=[1.00,1.01,1.00] (3202ms)
110471  s01-nominal          fov-tied       pos=    23.27 rot= 0.0585 grid=   0.1003 fovBias= -0.0347 fovSpr= 0.1329 sprRec= 0.0000 sprTru= 0.1329 dFov=[0.014,-0.142,0.160,-0.172] rms=0.273 used=11784 rej=102 camScale=[1.00,1.01,1.00] (2914ms)
110471  s02-sensor-noise     fov-free       pos=    56.37 rot= 0.0503 grid=   0.8247 fovBias= -0.0992 fovSpr= 0.1817 sprRec= 0.2113 sprTru= 0.0627 dFov=[-0.009,-0.041,-0.407,0.061] rms=0.565 used=11970 rej=126 camScale=[1.00,1.02,1.01] (4987ms)
110471  s02-sensor-noise     fov-tied       pos=    25.33 rot= 0.0550 grid=   0.8301 fovBias= -0.0771 fovSpr= 0.0627 sprRec= 0.0000 sprTru= 0.0627 dFov=[-0.022,-0.043,-0.060,-0.183] rms=0.564 used=11966 rej=130 camScale=[1.00,1.02,1.01] (3044ms)
110471  s03-high-ambient     fov-free       pos=    30.30 rot= 0.0213 grid=   0.3095 fovBias= -0.0474 fovSpr= 0.1047 sprRec= 0.1935 sprTru= 0.1171 dFov=[-0.225,0.018,-0.021,0.039] rms=0.353 used=12215 rej=153 camScale=[1.00,1.00,1.01] (3447ms)
110471  s03-high-ambient     fov-tied       pos=    20.07 rot= 0.0166 grid=   0.2720 fovBias=  0.0296 fovSpr= 0.1171 sprRec= 0.0000 sprTru= 0.1171 dFov=[0.152,0.135,-0.121,-0.048] rms=0.353 used=12217 rej=151 camScale=[1.00,1.00,1.00] (2789ms)
110471  s04-handheld         fov-free       pos=   405.50 rot= 5.0949 grid=  19.1615 fovBias= -2.4647 fovSpr= 0.2549 sprRec= 0.2349 sprTru= 0.0929 dFov=[-2.700,-2.073,-2.403,-2.683] rms=1.052 used=10718 rej=661 camScale=[1.06,1.86,1.37] (11417ms)
110471  s04-handheld         fov-tied       pos=   389.52 rot= 4.9266 grid=  20.3131 fovBias= -2.5784 fovSpr= 0.0929 sprRec= 0.0000 sprTru= 0.0929 dFov=[-2.708,-2.583,-2.446,-2.577] rms=1.046 used=10751 rej=628 camScale=[1.07,1.86,1.39] (7095ms)
110471  s06-six-cameras      fov-free       pos=   316.83 rot= 0.5668 grid=   8.4525 fovBias=  0.5596 fovSpr= 1.2627 sprRec= 1.2536 sprTru= 0.1094 dFov=[2.486,-0.245,0.832,-0.834] rms=0.822 used=22064 rej=1701 camScale=[1.16,1.03,1.03,1.29,1.00,1.90] (12336ms)
110471  s06-six-cameras      fov-tied       pos=   165.27 rot= 0.5319 grid=   8.4385 fovBias=  1.0713 fovSpr= 0.1094 sprRec= 0.0000 sprTru= 0.1094 dFov=[1.004,1.045,1.256,0.979] rms=0.822 used=22053 rej=1712 camScale=[1.16,1.03,1.03,1.28,1.00,1.91] (5377ms)
110471  s09-long-throw       fov-free       pos=   477.09 rot= 3.5860 grid=  18.9875 fovBias= -1.2066 fovSpr= 1.1314 sprRec= 1.0567 sprTru= 0.0925 dFov=[0.653,-2.339,-1.332,-1.809] rms=1.178 used=10912 rej=534 camScale=[1.63,2.63,2.39] (14358ms)
110471  s09-long-throw       fov-tied       pos=   357.96 rot= 3.1522 grid=  19.6246 fovBias= -1.7388 fovSpr= 0.0925 sprRec= 0.0000 sprTru= 0.0925 dFov=[-1.585,-1.755,-1.829,-1.786] rms=1.178 used=10900 rej=546 camScale=[1.61,2.63,2.38] (9139ms)
110471  s10-no-floor-reference fov-free       pos=   437.46 rot= 4.6119 grid=  12.5231 fovBias= -1.0214 fovSpr= 2.2215 sprRec= 2.2056 sprTru= 0.1766 dFov=[-0.516,-2.969,-3.007,2.406] rms=0.931 used=10771 rej=782 camScale=[1.00,1.30,1.82] (7091ms)
110471  s10-no-floor-reference fov-tied       pos=    58.34 rot= 0.8658 grid=   7.4824 fovBias= -0.2040 fovSpr= 0.1766 sprRec= 0.0000 sprTru= 0.1766 dFov=[0.093,-0.362,-0.245,-0.302] rms=0.979 used=10737 rej=816 camScale=[1.00,1.40,1.82] (5815ms)
220582  s01-nominal          fov-free       pos=    22.85 rot= 0.0416 grid=   0.1977 fovBias=  0.0560 fovSpr= 0.0759 sprRec= 0.0892 sprTru= 0.0138 dFov=[-0.028,0.006,0.171,0.075] rms=0.269 used=11595 rej=116 camScale=[1.00,1.00,1.00] (2695ms)
220582  s01-nominal          fov-tied       pos=     8.75 rot= 0.0408 grid=   0.1667 fovBias=  0.0442 fovSpr= 0.0138 sprRec= 0.0000 sprTru= 0.0138 dFov=[0.064,0.047,0.026,0.040] rms=0.269 used=11594 rej=117 camScale=[1.00,1.00,1.00] (2658ms)
220582  s02-sensor-noise     fov-free       pos=    55.18 rot= 0.0915 grid=   0.4523 fovBias= -0.2920 fovSpr= 0.1100 sprRec= 0.2324 sprTru= 0.1290 dFov=[-0.141,-0.399,-0.395,-0.233] rms=0.561 used=11637 rej=143 camScale=[1.01,1.00,1.00] (3155ms)
220582  s02-sensor-noise     fov-tied       pos=    55.94 rot= 0.1064 grid=   0.5007 fovBias= -0.2497 fovSpr= 0.1290 sprRec= 0.0000 sprTru= 0.1290 dFov=[-0.348,-0.141,-0.105,-0.405] rms=0.561 used=11638 rej=142 camScale=[1.01,1.00,1.00] (2525ms)
220582  s03-high-ambient     fov-free       pos=    14.30 rot= 0.0373 grid=   0.3387 fovBias= -0.0033 fovSpr= 0.0711 sprRec= 0.1374 sprTru= 0.0842 dFov=[0.095,-0.106,-0.008,0.006] rms=0.343 used=11635 rej=127 camScale=[1.01,1.00,1.00] (2974ms)
220582  s03-high-ambient     fov-tied       pos=    14.98 rot= 0.0294 grid=   0.4281 fovBias=  0.0071 fovSpr= 0.0842 sprRec= 0.0000 sprTru= 0.0842 dFov=[-0.034,0.086,0.088,-0.111] rms=0.344 used=11636 rej=126 camScale=[1.01,1.00,1.00] (2709ms)
220582  s04-handheld         fov-free       pos=   494.92 rot= 2.3945 grid=   9.7766 fovBias= -1.6430 fovSpr= 1.4175 sprRec= 1.3920 sprTru= 0.0257 dFov=[-1.899,0.610,-3.312,-1.971] rms=0.630 used=10150 rej=1041 camScale=[1.00,1.00,1.07] (7153ms)
220582  s04-handheld         fov-tied       pos=   329.61 rot= 3.7816 grid=  13.7877 fovBias= -2.2076 fovSpr= 0.0257 sprRec= 0.0000 sprTru= 0.0257 dFov=[-2.217,-2.167,-2.237,-2.209] rms=0.652 used=10175 rej=1016 camScale=[1.00,1.00,1.09] (4247ms)
220582  s06-six-cameras      fov-free       pos=   486.34 rot= 3.4273 grid=   8.9192 fovBias=  0.0923 fovSpr= 2.0509 sprRec= 1.9868 sprTru= 0.0878 dFov=[0.038,-3.231,1.971,1.591] rms=0.974 used=22176 rej=1977 camScale=[1.18,1.02,1.43,1.60,1.20,1.85] (8664ms)
220582  s06-six-cameras      fov-tied       pos=   165.49 rot= 0.7543 grid=   4.8954 fovBias=  1.1645 fovSpr= 0.0878 sprRec= 0.0000 sprTru= 0.0878 dFov=[1.265,1.023,1.186,1.184] rms=0.982 used=22203 rej=1950 camScale=[1.30,1.03,1.48,1.60,1.20,1.77] (4767ms)
220582  s09-long-throw       fov-free       pos=   256.57 rot= 1.8203 grid=   8.6836 fovBias=  0.1292 fovSpr= 0.8650 sprRec= 0.7875 sprTru= 0.1355 dFov=[0.314,1.159,0.283,-1.240] rms=0.915 used=11017 rej=423 camScale=[2.36,2.04,1.83] (13948ms)
220582  s09-long-throw       fov-tied       pos=    41.65 rot= 0.5355 grid=   8.3040 fovBias=  0.0895 fovSpr= 0.1355 sprRec= 0.0000 sprTru= 0.1355 dFov=[0.219,0.229,-0.070,-0.020] rms=0.915 used=11024 rej=416 camScale=[2.36,2.03,1.84] (5906ms)
220582  s10-no-floor-reference fov-free       pos=   296.72 rot= 1.9517 grid=  12.2956 fovBias= -0.1073 fovSpr= 1.2320 sprRec= 1.2362 sprTru= 0.0459 dFov=[-0.200,-2.044,1.263,0.551] rms=0.804 used=9995 rej=962 camScale=[1.00,1.89,2.19] (10337ms)
220582  s10-no-floor-reference fov-tied       pos=    44.14 rot= 2.0278 grid=  12.8773 fovBias= -0.2803 fovSpr= 0.0459 sprRec= 0.0000 sprTru= 0.0459 dFov=[-0.357,-0.250,-0.272,-0.242] rms=0.819 used=9967 rej=990 camScale=[1.00,1.91,2.24] (5921ms)
330693  s01-nominal          fov-free       pos=    20.09 rot= 0.0520 grid=   0.1113 fovBias= -0.0205 fovSpr= 0.0969 sprRec= 0.1326 sprTru= 0.0752 dFov=[0.082,0.066,-0.084,-0.146] rms=0.277 used=11777 rej=132 camScale=[1.01,1.00,1.01] (4013ms)
330693  s01-nominal          fov-tied       pos=    19.67 rot= 0.0456 grid=   0.2217 fovBias= -0.0313 fovSpr= 0.0752 sprRec= 0.0000 sprTru= 0.0752 dFov=[-0.142,0.067,-0.043,-0.007] rms=0.277 used=11776 rej=133 camScale=[1.01,1.00,1.01] (3080ms)
330693  s02-sensor-noise     fov-free       pos=    51.70 rot= 0.0964 grid=   0.4390 fovBias=  0.1419 fovSpr= 0.2050 sprRec= 0.2332 sprTru= 0.0658 dFov=[0.219,-0.176,0.136,0.389] rms=0.563 used=11599 rej=128 camScale=[1.01,1.01,1.00] (2930ms)
330693  s02-sensor-noise     fov-tied       pos=    36.16 rot= 0.0914 grid=   0.3975 fovBias=  0.1637 fovSpr= 0.0658 sprRec= 0.0000 sprTru= 0.0658 dFov=[0.086,0.170,0.265,0.134] rms=0.563 used=11598 rej=129 camScale=[1.01,1.01,1.00] (2562ms)
330693  s03-high-ambient     fov-free       pos=    41.86 rot= 0.0500 grid=   0.4605 fovBias= -0.0951 fovSpr= 0.1317 sprRec= 0.1280 sprTru= 0.0723 dFov=[-0.011,-0.302,-0.111,0.044] rms=0.356 used=12240 rej=142 camScale=[1.00,1.00,1.00] (2751ms)
330693  s03-high-ambient     fov-tied       pos=    26.41 rot= 0.0465 grid=   0.4775 fovBias= -0.0733 fovSpr= 0.0723 sprRec= 0.0000 sprTru= 0.0723 dFov=[0.009,-0.071,-0.188,-0.043] rms=0.356 used=12241 rej=141 camScale=[1.00,1.01,1.00] (2579ms)
330693  s04-handheld         fov-free       pos=   337.74 rot= 3.1949 grid=   8.7548 fovBias= -0.7977 fovSpr= 1.3558 sprRec= 1.2646 sprTru= 0.1515 dFov=[0.807,0.271,-1.956,-2.312] rms=1.239 used=10849 rej=550 camScale=[2.02,2.10,1.97] (8271ms)
330693  s04-handheld         fov-tied       pos=   313.91 rot= 2.6434 grid=  21.7261 fovBias= -1.8848 fovSpr= 0.1515 sprRec= 0.0000 sprTru= 0.1515 dFov=[-1.818,-1.775,-1.801,-2.146] rms=1.234 used=10849 rej=550 camScale=[2.02,2.10,1.97] (6084ms)
330693  s06-six-cameras      fov-free       pos=   434.06 rot= 3.2862 grid=  10.9847 fovBias= -1.7220 fovSpr= 1.4440 sprRec= 1.4233 sprTru= 0.0522 dFov=[-2.151,-2.888,0.737,-2.586] rms=1.146 used=21910 rej=1377 camScale=[1.98,1.91,1.83,1.48,2.47,1.59] (13994ms)
330693  s06-six-cameras      fov-tied       pos=    12.26 rot= 0.4607 grid=   6.8648 fovBias=  0.0159 fovSpr= 0.0522 sprRec= 0.0000 sprTru= 0.0522 dFov=[-0.051,0.067,0.067,-0.019] rms=1.166 used=21890 rej=1397 camScale=[2.03,1.92,1.89,1.48,2.47,1.59] (4893ms)
330693  s09-long-throw       fov-free       pos=   348.60 rot= 4.6711 grid=   5.7804 fovBias= -0.0416 fovSpr= 1.1178 sprRec= 1.1304 sprTru= 0.0628 dFov=[-1.784,1.251,0.493,-0.126] rms=0.760 used=10901 rej=1051 camScale=[1.17,1.50,1.70] (10826ms)
330693  s09-long-throw       fov-tied       pos=   260.67 rot= 4.3260 grid=  14.1022 fovBias= -1.2494 fovSpr= 0.0628 sprRec= 0.0000 sprTru= 0.0628 dFov=[-1.199,-1.246,-1.199,-1.353] rms=0.755 used=10912 rej=1040 camScale=[1.20,1.48,1.71] (10828ms)
330693  s10-no-floor-reference fov-free       pos=   386.61 rot= 3.0576 grid=   9.1012 fovBias= -0.5747 fovSpr= 1.2149 sprRec= 1.2330 sprTru= 0.0681 dFov=[-0.086,0.509,-0.085,-2.636] rms=1.003 used=10566 rej=715 camScale=[1.15,1.27,2.04] (12663ms)
330693  s10-no-floor-reference fov-tied       pos=    42.37 rot= 0.7559 grid=   8.8143 fovBias=  0.2316 fovSpr= 0.0681 sprRec= 0.0000 sprTru= 0.0681 dFov=[0.125,0.228,0.311,0.262] rms=1.014 used=10546 rej=735 camScale=[1.14,1.27,2.09] (5058ms)
440704  s01-nominal          fov-free       pos=    17.64 rot= 0.0279 grid=   0.3664 fovBias=  0.0535 fovSpr= 0.0853 sprRec= 0.1146 sprTru= 0.1358 dFov=[0.133,0.127,-0.076,0.030] rms=0.274 used=11597 rej=132 camScale=[1.00,1.01,1.01] (3594ms)
440704  s01-nominal          fov-tied       pos=    36.74 rot= 0.0215 grid=   0.3434 fovBias=  0.0536 fovSpr= 0.1358 sprRec= 0.0000 sprTru= 0.1358 dFov=[0.276,0.024,0.006,-0.092] rms=0.274 used=11597 rej=132 camScale=[1.00,1.01,1.01] (2663ms)
440704  s02-sensor-noise     fov-free       pos=    50.64 rot= 0.1016 grid=   0.5344 fovBias= -0.1861 fovSpr= 0.1491 sprRec= 0.2935 sprTru= 0.1572 dFov=[0.047,-0.194,-0.365,-0.233] rms=0.564 used=11621 rej=159 camScale=[1.00,1.00,1.00] (2698ms)
440704  s02-sensor-noise     fov-tied       pos=    67.22 rot= 0.0853 grid=   0.5624 fovBias= -0.2255 fovSpr= 0.1572 sprRec= 0.0000 sprTru= 0.1572 dFov=[-0.488,-0.171,-0.173,-0.071] rms=0.565 used=11623 rej=157 camScale=[1.00,1.00,1.00] (2454ms)
440704  s03-high-ambient     fov-free       pos=    20.24 rot= 0.0472 grid=   0.3071 fovBias=  0.0365 fovSpr= 0.0767 sprRec= 0.0483 sprTru= 0.0639 dFov=[-0.047,0.068,-0.022,0.147] rms=0.346 used=11769 rej=136 camScale=[1.02,1.00,1.00] (2551ms)
440704  s03-high-ambient     fov-tied       pos=    20.63 rot= 0.0467 grid=   0.3193 fovBias=  0.0422 fovSpr= 0.0639 sprRec= 0.0000 sprTru= 0.0639 dFov=[-0.008,-0.004,0.031,0.150] rms=0.346 used=11769 rej=136 camScale=[1.02,1.00,1.00] (2695ms)
440704  s04-handheld         fov-free       pos=   356.64 rot= 3.0594 grid=   8.5648 fovBias= -1.7711 fovSpr= 0.4995 sprRec= 0.4672 sprTru= 0.1079 dFov=[-1.008,-1.924,-2.397,-1.756] rms=1.388 used=10718 rej=700 camScale=[1.85,2.41,1.45] (14757ms)
440704  s04-handheld         fov-tied       pos=   252.62 rot= 3.2191 grid=  10.4354 fovBias= -1.7017 fovSpr= 0.1079 sprRec= 0.0000 sprTru= 0.1079 dFov=[-1.574,-1.667,-1.695,-1.872] rms=1.390 used=10716 rej=702 camScale=[1.83,2.41,1.45] (14034ms)
440704  s06-six-cameras      fov-free       pos=   365.60 rot= 3.1630 grid=   9.5493 fovBias= -0.2498 fovSpr= 1.9862 sprRec= 2.0205 sprTru= 0.0766 dFov=[2.738,-2.467,0.271,-1.541] rms=1.048 used=21458 rej=1825 camScale=[1.38,1.13,2.24,1.24,1.10,1.76] (24545ms)
440704  s06-six-cameras      fov-tied       pos=   114.06 rot= 0.6821 grid=   9.0242 fovBias=  0.7031 fovSpr= 0.0766 sprRec= 0.0000 sprTru= 0.0766 dFov=[0.705,0.823,0.614,0.670] rms=1.052 used=21441 rej=1842 camScale=[1.38,1.12,2.26,1.24,1.11,1.74] (5185ms)
440704  s09-long-throw       fov-free       pos=   395.92 rot= 1.8995 grid=  16.3195 fovBias= -0.8210 fovSpr= 0.7679 sprRec= 0.7779 sprTru= 0.0380 dFov=[-1.911,-1.175,-0.066,-0.132] rms=0.835 used=10254 rej=1252 camScale=[2.47,1.45,1.21] (9119ms)
440704  s09-long-throw       fov-tied       pos=   250.45 rot= 1.8565 grid=  16.6897 fovBias= -1.1356 fovSpr= 0.0380 sprRec= 0.0000 sprTru= 0.0380 dFov=[-1.156,-1.076,-1.178,-1.132] rms=0.845 used=10227 rej=1279 camScale=[2.46,1.43,1.22] (12914ms)
440704  s10-no-floor-reference fov-free       pos=   414.07 rot= 1.3334 grid=   8.8321 fovBias=  0.9494 fovSpr= 1.5321 sprRec= 1.5134 sprTru= 0.0351 dFov=[-0.266,-0.446,3.386,1.124] rms=0.897 used=10397 rej=1037 camScale=[1.29,1.06,1.65] (4251ms)
440704  s10-no-floor-reference fov-tied       pos=   117.66 rot= 1.4240 grid=   7.5105 fovBias= -0.7190 fovSpr= 0.0351 sprRec= 0.0000 sprTru= 0.0351 dFov=[-0.770,-0.728,-0.705,-0.673] rms=0.893 used=10391 rej=1043 camScale=[1.30,1.05,1.66] (4559ms)
550815  s01-nominal          fov-free       pos=    35.13 rot= 0.0538 grid=   0.2687 fovBias=  0.0078 fovSpr= 0.1539 sprRec= 0.1678 sprTru= 0.0683 dFov=[-0.018,-0.142,0.263,-0.072] rms=0.277 used=11543 rej=116 camScale=[1.00,1.01,1.00] (3289ms)
550815  s01-nominal          fov-tied       pos=    15.15 rot= 0.0522 grid=   0.2772 fovBias= -0.0021 fovSpr= 0.0683 sprRec= 0.0000 sprTru= 0.0683 dFov=[0.112,-0.028,-0.025,-0.068] rms=0.277 used=11543 rej=116 camScale=[1.00,1.01,1.00] (2533ms)
550815  s02-sensor-noise     fov-free       pos=    60.50 rot= 0.0914 grid=   0.7909 fovBias= -0.1478 fovSpr= 0.2587 sprRec= 0.2786 sprTru= 0.1612 dFov=[0.241,-0.319,-0.078,-0.435] rms=0.548 used=11519 rej=129 camScale=[1.00,1.00,1.00] (3233ms)
550815  s02-sensor-noise     fov-tied       pos=    60.80 rot= 0.0929 grid=   0.7959 fovBias= -0.1939 fovSpr= 0.1612 sprRec= 0.0000 sprTru= 0.1612 dFov=[-0.224,-0.000,-0.114,-0.437] rms=0.549 used=11522 rej=126 camScale=[1.00,1.00,1.00] (2751ms)
550815  s03-high-ambient     fov-free       pos=    28.84 rot= 0.0429 grid=   0.2782 fovBias= -0.0504 fovSpr= 0.1181 sprRec= 0.1161 sprTru= 0.0583 dFov=[-0.102,-0.212,0.011,0.102] rms=0.352 used=11558 rej=141 camScale=[1.01,1.03,1.00] (2795ms)
550815  s03-high-ambient     fov-tied       pos=    19.04 rot= 0.0373 grid=   0.2661 fovBias= -0.0741 fovSpr= 0.0583 sprRec= 0.0000 sprTru= 0.0583 dFov=[0.008,-0.139,-0.118,-0.047] rms=0.352 used=11554 rej=145 camScale=[1.01,1.02,1.00] (2660ms)
550815  s04-handheld         fov-free       pos=   402.86 rot= 4.5726 grid=  17.1156 fovBias=  0.0521 fovSpr= 1.7979 sprRec= 1.7528 sprTru= 0.1099 dFov=[0.013,-2.838,1.140,1.894] rms=0.820 used=10392 rej=756 camScale=[1.00,1.40,1.59] (14025ms)
550815  s04-handheld         fov-tied       pos=   287.93 rot= 4.4651 grid=  17.2807 fovBias= -1.9753 fovSpr= 0.1099 sprRec= 0.0000 sprTru= 0.1099 dFov=[-1.809,-2.115,-1.967,-2.009] rms=0.829 used=10402 rej=746 camScale=[1.00,1.42,1.60] (12734ms)
550815  s06-six-cameras      fov-free       pos=   463.58 rot= 2.5860 grid=  13.7246 fovBias= -0.4081 fovSpr= 1.6091 sprRec= 1.5643 sprTru= 0.0694 dFov=[-3.184,0.304,0.700,0.548] rms=0.942 used=21761 rej=1681 camScale=[2.08,1.74,1.00,1.94,1.08,1.62] (7635ms)
550815  s06-six-cameras      fov-tied       pos=    69.24 rot= 0.2916 grid=   4.7061 fovBias=  0.4269 fovSpr= 0.0694 sprRec= 0.0000 sprTru= 0.0694 dFov=[0.344,0.456,0.382,0.525] rms=0.957 used=21734 rej=1708 camScale=[2.05,1.78,1.00,1.95,1.14,1.58] (4947ms)
550815  s09-long-throw       fov-free       pos=   873.45 rot= 1.8551 grid=  11.5885 fovBias= -0.8427 fovSpr= 2.1109 sprRec= 2.1137 sprTru= 0.0679 dFov=[-1.088,1.960,-3.943,-0.300] rms=0.630 used=10351 rej=1107 camScale=[1.00,1.00,1.65] (9990ms)
550815  s09-long-throw       fov-tied       pos=    45.10 rot= 1.1005 grid=  12.5427 fovBias=  0.1350 fovSpr= 0.0679 sprRec= 0.0000 sprTru= 0.0679 dFov=[0.122,0.069,0.101,0.248] rms=0.641 used=10375 rej=1083 camScale=[1.00,1.00,1.68] (12975ms)
550815  s10-no-floor-reference fov-free       pos=   388.47 rot= 2.8538 grid=   9.8767 fovBias= -0.9372 fovSpr= 1.6285 sprRec= 1.6557 sprTru= 0.1626 dFov=[-2.476,0.182,-2.585,1.130] rms=0.889 used=10147 rej=993 camScale=[1.19,1.06,2.09] (9042ms)
550815  s10-no-floor-reference fov-tied       pos=    49.66 rot= 0.5968 grid=   4.6472 fovBias= -0.1670 fovSpr= 0.1626 sprRec= 0.0000 sprTru= 0.1626 dFov=[-0.293,0.044,-0.065,-0.354] rms=0.900 used=10146 rej=994 camScale=[1.19,1.06,2.09] (11022ms)
