70 solves, 5 seeds, 7 scenarios, 2 variants

================================================================================================
FOV ERROR DECOMPOSITION, baseline variant only
  |bias| = |mean over projectors of (recovered - true) fov|   COMMON MODE
  spread = sd over projectors of the same quantity            DIFFERENTIAL
================================================================================================
scenario                |bias| med  spread med    ratio  true spread
------------------------------------------------------------------------------------------------
s01-nominal                 0.0302      0.0929     0.33       0.0752
s02-sensor-noise            0.1478      0.1817     0.81       0.1290
s03-high-ambient            0.0474      0.1047     0.45       0.0723
s04-handheld                1.6430      1.3558     1.21       0.1079
s06-six-cameras             0.4081      1.6091     0.25       0.0766
s09-long-throw              0.8210      1.1178     0.73       0.0679
s10-no-floor-reference      0.9372      1.5321     0.61       0.0681

================================================================================================
fov-tied  vs  fov-free   —   metric: grid   (paired, ratio = base/variant)
================================================================================================
scenario                   seed       base    variant    ratio
------------------------------------------------------------------------------------------------
s01-nominal              110471     0.1552     0.1003     1.55x
s01-nominal              220582     0.1977     0.1667     1.19x
s01-nominal              330693     0.1113     0.2217     0.50x   <-- WORSE
s01-nominal              440704     0.3664     0.3434     1.07x
s01-nominal              550815     0.2687     0.2772     0.97x   <-- WORSE
s02-sensor-noise         110471     0.8247     0.8301     0.99x
s02-sensor-noise         220582     0.4523     0.5007     0.90x   <-- WORSE
s02-sensor-noise         330693     0.4390     0.3975     1.10x
s02-sensor-noise         440704     0.5344     0.5624     0.95x   <-- WORSE
s02-sensor-noise         550815     0.7909     0.7959     0.99x
s03-high-ambient         110471     0.3095     0.2720     1.14x
s03-high-ambient         220582     0.3387     0.4281     0.79x   <-- WORSE
s03-high-ambient         330693     0.4605     0.4775     0.96x   <-- WORSE
s03-high-ambient         440704     0.3071     0.3193     0.96x   <-- WORSE
s03-high-ambient         550815     0.2782     0.2661     1.05x
s04-handheld             110471    19.1615    20.3131     0.94x   <-- WORSE
s04-handheld             220582     9.7766    13.7877     0.71x   <-- WORSE
s04-handheld             330693     8.7548    21.7261     0.40x   <-- WORSE
s04-handheld             440704     8.5648    10.4354     0.82x   <-- WORSE
s04-handheld             550815    17.1156    17.2807     0.99x
s06-six-cameras          110471     8.4525     8.4385     1.00x
s06-six-cameras          220582     8.9192     4.8954     1.82x
s06-six-cameras          330693    10.9847     6.8648     1.60x
s06-six-cameras          440704     9.5493     9.0242     1.06x
s06-six-cameras          550815    13.7246     4.7061     2.92x
s09-long-throw           110471    18.9875    19.6246     0.97x   <-- WORSE
s09-long-throw           220582     8.6836     8.3040     1.05x
s09-long-throw           330693     5.7804    14.1022     0.41x   <-- WORSE
s09-long-throw           440704    16.3195    16.6897     0.98x   <-- WORSE
s09-long-throw           550815    11.5885    12.5427     0.92x   <-- WORSE
s10-no-floor-reference   110471    12.5231     7.4824     1.67x
s10-no-floor-reference   220582    12.2956    12.8773     0.95x   <-- WORSE
s10-no-floor-reference   330693     9.1012     8.8143     1.03x
s10-no-floor-reference   440704     8.8321     7.5105     1.18x
s10-no-floor-reference   550815     9.8767     4.6472     2.13x
------------------------------------------------------------------------------------------------
scenario                  n   median      min      max  helped   hurt
s01-nominal               5     1.07     0.50     1.55       3      2
s02-sensor-noise          5     0.99     0.90     1.10       1      2
s03-high-ambient          5     0.96     0.79     1.14       2      3
s04-handheld              5     0.82     0.40     0.99       0      4
s06-six-cameras           5     1.60     1.00     2.92       4      0
s09-long-throw            5     0.97     0.41     1.05       1      4
s10-no-floor-reference    5     1.18     0.95     2.13       4      1
ALL                      35     0.99     0.40     2.92      15     16

================================================================================================
fov-tied  vs  fov-free   —   metric: pos   (paired, ratio = base/variant)
================================================================================================
scenario                   seed       base    variant    ratio
------------------------------------------------------------------------------------------------
s01-nominal              110471    19.6100    23.2700     0.84x   <-- WORSE
s01-nominal              220582    22.8500     8.7500     2.61x
s01-nominal              330693    20.0900    19.6700     1.02x
s01-nominal              440704    17.6400    36.7400     0.48x   <-- WORSE
s01-nominal              550815    35.1300    15.1500     2.32x
s02-sensor-noise         110471    56.3700    25.3300     2.23x
s02-sensor-noise         220582    55.1800    55.9400     0.99x
s02-sensor-noise         330693    51.7000    36.1600     1.43x
s02-sensor-noise         440704    50.6400    67.2200     0.75x   <-- WORSE
s02-sensor-noise         550815    60.5000    60.8000     1.00x
s03-high-ambient         110471    30.3000    20.0700     1.51x
s03-high-ambient         220582    14.3000    14.9800     0.95x   <-- WORSE
s03-high-ambient         330693    41.8600    26.4100     1.59x
s03-high-ambient         440704    20.2400    20.6300     0.98x
s03-high-ambient         550815    28.8400    19.0400     1.51x
s04-handheld             110471   405.5000   389.5200     1.04x
s04-handheld             220582   494.9200   329.6100     1.50x
s04-handheld             330693   337.7400   313.9100     1.08x
s04-handheld             440704   356.6400   252.6200     1.41x
s04-handheld             550815   402.8600   287.9300     1.40x
s06-six-cameras          110471   316.8300   165.2700     1.92x
s06-six-cameras          220582   486.3400   165.4900     2.94x
s06-six-cameras          330693   434.0600    12.2600    35.40x
s06-six-cameras          440704   365.6000   114.0600     3.21x
s06-six-cameras          550815   463.5800    69.2400     6.70x
s09-long-throw           110471   477.0900   357.9600     1.33x
s09-long-throw           220582   256.5700    41.6500     6.16x
s09-long-throw           330693   348.6000   260.6700     1.34x
s09-long-throw           440704   395.9200   250.4500     1.58x
s09-long-throw           550815   873.4500    45.1000    19.37x
s10-no-floor-reference   110471   437.4600    58.3400     7.50x
s10-no-floor-reference   220582   296.7200    44.1400     6.72x
s10-no-floor-reference   330693   386.6100    42.3700     9.12x
s10-no-floor-reference   440704   414.0700   117.6600     3.52x
s10-no-floor-reference   550815   388.4700    49.6600     7.82x
------------------------------------------------------------------------------------------------
scenario                  n   median      min      max  helped   hurt
s01-nominal               5     1.02     0.48     2.61       3      2
s02-sensor-noise          5     1.00     0.75     2.23       2      1
s03-high-ambient          5     1.51     0.95     1.59       3      1
s04-handheld              5     1.40     1.04     1.50       5      0
s06-six-cameras           5     3.21     1.92    35.40       5      0
s09-long-throw            5     1.58     1.33    19.37       5      0
s10-no-floor-reference    5     7.50     3.52     9.12       5      0
ALL                      35     1.51     0.48    35.40      28      4
